 
****************************************
Report : constraint
        -all_violators
Design : me266_chip
Version: O-2018.06-SP1
Date   : Fri Apr  8 21:47:27 2022
****************************************

	Parasitic source    : LPE
	Parasitic mode      : RealRVirtualC
	Extraction mode     : MIN_MAX
	Extraction derating : 25/25/25

   max_delay/setup ('clk' group)

                             Required        Actual
   Endpoint                 Path Delay     Path Delay        Slack
   -----------------------------------------------------------------
   ME266/CORE/sad_14/sad_data_reg_13_/D
                               10.22          10.30 r        -0.08  (VIOLATED)
   ME266/CORE/sad_14/sad_data_reg_12_/D
                               10.20          10.27 r        -0.07  (VIOLATED)
   ME266/CORE/sad_14/sad_data_reg_10_/D
                               10.19          10.25 r        -0.06  (VIOLATED)
   ME266/CORE/sad_14/sad_data_reg_11_/D
                               10.18          10.24 f        -0.06  (VIOLATED)
   ME266/CORE/sad_7/sad_data_reg_11_/D
                               10.10          10.15 r        -0.05  (VIOLATED)
   ME266/CORE/sad_15/sad_data_reg_13_/D
                               10.14          10.19 r        -0.05  (VIOLATED)
   ME266/CORE/sad_6/sad_data_reg_13_/D
                               10.16          10.20 r        -0.04  (VIOLATED)
   ME266/CORE/sad_1/sad_data_reg_9_/D
                               10.07          10.11 r        -0.04  (VIOLATED)
   ME266/CORE/sad_14/sad_data_reg_9_/D
                               10.09          10.12 r        -0.04  (VIOLATED)
   ME266/CORE/sad_7/sad_data_reg_12_/D
                               10.12          10.14 f        -0.03  (VIOLATED)
   ME266/CORE/sad_7/sad_data_reg_13_/D
                               10.14          10.16 r        -0.02  (VIOLATED)
   ME266/CORE/sad_6/sad_data_reg_10_/D
                               10.14          10.15 r        -0.01  (VIOLATED)
   ME266/CORE/sad_min_reg_10_/D
                               10.19          10.20 f        -0.01  (VIOLATED)
   ME266/CORE/sad_1/sad_data_reg_8_/D
                               10.08          10.09 r        -0.01  (VIOLATED)
   ME266/CORE/sad_5/sad_data_reg_10_/D
                               10.11          10.12 r        -0.01  (VIOLATED)
   ME266/CORE/sad_15/sad_data_reg_12_/D
                               10.14          10.14 r        -0.01  (VIOLATED)
   ME266/CORE/sad_5/sad_data_reg_11_/D
                               10.13          10.14 r        -0.01  (VIOLATED)
   ME266/CORE/sad_6/sad_data_reg_12_/D
                               10.15          10.16 r        -0.01  (VIOLATED)
   ME266/CORE/motion_vec_x_min_reg_3_/D
                               10.16          10.16 r         0.00  (VIOLATED: increase significant digits)
   ME266/CORE/sad_3/sad_data_reg_12_/D
                               10.23          10.23 r         0.00  (VIOLATED: increase significant digits)
   ME266/CORE/sad_10/sad_data_reg_11_/D
                               10.23          10.23 r         0.00  (VIOLATED: increase significant digits)
   ME266/CORE/sad_min_reg_12_/D
                               10.19          10.19 f         0.00  (VIOLATED: increase significant digits)


   min_delay/hold ('clk' group)

                             Required        Actual
   Endpoint                 Path Delay     Path Delay        Slack
   -----------------------------------------------------------------
   ME266/CORE/sad_1/pe_13/pre_pixel_cal_reg_5_/D
                                5.51           5.41 f        -0.10  (VIOLATED)
   ME266/CORE/sad_1/pe_13/pre_pixel_cal_reg_2_/D
                                5.50           5.41 f        -0.09  (VIOLATED)
   ME266/CORE/sad_1/pe_13/pre_pixel_cal_reg_0_/D
                                5.50           5.41 f        -0.09  (VIOLATED)
   ME266/CORE/sad_1/pe_13/pre_pixel_cal_reg_1_/D
                                5.50           5.41 f        -0.09  (VIOLATED)
   ME266/CORE/sad_1/pe_13/pre_pixel_cal_reg_7_/D
                                5.50           5.42 f        -0.08  (VIOLATED)
   ME266/CORE/sad_12/pe_47/pre_pixel_cal_reg_1_/D
                                5.42           5.36 f        -0.06  (VIOLATED)
   ME266/CORE/sad_12/pe_47/pre_pixel_cal_reg_4_/D
                                5.42           5.36 f        -0.06  (VIOLATED)
   ME266/CORE/sad_12/pe_47/pre_pixel_cal_reg_0_/D
                                5.42           5.37 f        -0.06  (VIOLATED)
   ME266/CORE/sad_12/pe_47/pre_pixel_cal_reg_2_/D
                                5.42           5.37 f        -0.05  (VIOLATED)
   ME266/CORE/sad_10/pe_46/pre_pixel_cal_reg_4_/D
                                5.51           5.46 f        -0.05  (VIOLATED)
   ME266/CORE/sad_12/pe_47/pre_pixel_cal_reg_3_/D
                                5.42           5.37 f        -0.05  (VIOLATED)
   ME266/CORE/sad_15/pe_14/pre_pixel_cal_reg_5_/D
                                5.41           5.36 f        -0.05  (VIOLATED)
   ME266/CORE/sad_15/pe_14/pre_pixel_cal_reg_7_/D
                                5.40           5.36 f        -0.04  (VIOLATED)
   ME266/CORE/sad_1/pe_12/pre_pixel_cal_reg_2_/D
                                5.45           5.41 f        -0.04  (VIOLATED)
   ME266/CORE/sad_15/pe_61/pre_pixel_cal_reg_5_/D
                                5.45           5.41 f        -0.04  (VIOLATED)
   ME266/CORE/sad_15/pe_61/pre_pixel_cal_reg_4_/D
                                5.45           5.41 f        -0.04  (VIOLATED)
   ME266/CORE/sad_15/pe_14/pre_pixel_cal_reg_6_/D
                                5.40           5.36 f        -0.04  (VIOLATED)
   ME266/CORE/sad_13/pe_73/pre_pixel_cal_reg_4_/D
                                5.44           5.40 f        -0.04  (VIOLATED)
   ME266/CORE/sad_11/pe_56/pre_pixel_cal_reg_6_/D
                                5.45           5.41 f        -0.04  (VIOLATED)
   ME266/CORE/sad_10/pe_75/pre_pixel_cal_reg_6_/D
                                5.50           5.46 f        -0.04  (VIOLATED)
   ME266/CORE/sad_11/pe_46/pre_pixel_cal_reg_0_/D
                                5.44           5.40 f        -0.04  (VIOLATED)
   ME266/CORE/sad_8/pe_24/pre_pixel_cal_reg_5_/D
                                5.49           5.46 f        -0.03  (VIOLATED)
   ME266/CORE/sad_15/pe_14/pre_pixel_cal_reg_4_/D
                                5.40           5.37 f        -0.03  (VIOLATED)
   ME266/CORE/sad_11/pe_46/pre_pixel_cal_reg_5_/D
                                5.44           5.41 f        -0.03  (VIOLATED)
   ME266/CORE/sad_11/pe_56/pre_pixel_cal_reg_7_/D
                                5.44           5.41 f        -0.03  (VIOLATED)
   ME266/CORE/sad_10/pe_75/pre_pixel_cal_reg_7_/D
                                5.50           5.47 f        -0.03  (VIOLATED)
   ME266/CORE/sad_1/pe_12/pre_pixel_cal_reg_3_/D
                                5.45           5.42 f        -0.03  (VIOLATED)
   ME266/CORE/sad_13/pe_63/pre_pixel_cal_reg_6_/D
                                5.44           5.41 f        -0.03  (VIOLATED)
   ME266/CORE/sad_13/pe_45/pre_pixel_cal_reg_4_/D
                                5.45           5.42 f        -0.03  (VIOLATED)
   ME266/CORE/sad_15/pe_14/pre_pixel_cal_reg_3_/D
                                5.40           5.37 f        -0.03  (VIOLATED)
   ME266/CORE/sad_11/pe_46/pre_pixel_cal_reg_4_/D
                                5.44           5.41 f        -0.03  (VIOLATED)
   ME266/CORE/sad_15/pe_36/pre_pixel_cal_reg_7_/D
                                5.44           5.41 f        -0.03  (VIOLATED)
   ME266/CORE/sad_15/pe_36/pre_pixel_cal_reg_6_/D
                                5.44           5.41 f        -0.03  (VIOLATED)
   ME266/CORE/sad_11/pe_46/pre_pixel_cal_reg_2_/D
                                5.44           5.41 f        -0.03  (VIOLATED)
   ME266/CORE/sad_12/pe_47/pre_pixel_cal_reg_7_/D
                                5.42           5.39 f        -0.03  (VIOLATED)
   ME266/CORE/sad_1/pe_13/pre_pixel_cal_reg_6_/D
                                5.50           5.48 f        -0.03  (VIOLATED)
   ME266/cur_out_late_late_reg/D
                                5.46           5.43 f        -0.03  (VIOLATED)
   ME266/CORE/sad_15/pe_36/pre_pixel_cal_reg_5_/D
                                5.44           5.42 f        -0.02  (VIOLATED)
   ME266/CORE/sad_15/pe_14/pre_pixel_cal_reg_0_/D
                                5.40           5.38 f        -0.02  (VIOLATED)
   ME266/CORE/sad_10/pe_56/pre_pixel_cal_reg_5_/D
                                5.50           5.48 f        -0.02  (VIOLATED)
   ME266/CORE/sad_1/pe_12/pre_pixel_cal_reg_5_/D
                                5.45           5.42 f        -0.02  (VIOLATED)
   ME266/CORE/sad_15/pe_14/pre_pixel_cal_reg_1_/D
                                5.40           5.38 f        -0.02  (VIOLATED)
   ME266/CORE/sad_13/pe_73/crt_pixel_cal_reg_0_/D
                                5.43           5.40 f        -0.02  (VIOLATED)
   ME266/CORE/sad_14/pe_12/pre_pixel_cal_reg_2_/D
                                5.51           5.49 f        -0.02  (VIOLATED)
   ME266/CORE/sad_13/pe_63/pre_pixel_cal_reg_7_/D
                                5.43           5.41 f        -0.02  (VIOLATED)
   ME266/CORE/sad_1/pe_12/pre_pixel_cal_reg_4_/D
                                5.45           5.43 f        -0.02  (VIOLATED)
   ME266/CORE/sad_12/pe_47/pre_pixel_cal_reg_6_/D
                                5.42           5.40 f        -0.02  (VIOLATED)
   ME266/CORE/sad_13/pe_73/pre_pixel_cal_reg_3_/D
                                5.43           5.42 f        -0.02  (VIOLATED)
   ME266/CORE/sad_1/pe_22/pre_pixel_cal_reg_0_/D
                                5.46           5.45 f        -0.02  (VIOLATED)
   ME266/CORE/sad_11/pe_46/pre_pixel_cal_reg_1_/D
                                5.44           5.42 f        -0.02  (VIOLATED)
   ME266/CORE/sad_1/pe_11/crt_pixel_cal_reg_0_/D
                                5.44           5.42 f        -0.02  (VIOLATED)
   ME266/CORE/sad_13/pe_55/pre_pixel_cal_reg_1_/D
                                5.45           5.43 f        -0.02  (VIOLATED)
   ME266/CORE/sad_11/pe_46/pre_pixel_cal_reg_3_/D
                                5.44           5.42 f        -0.02  (VIOLATED)
   ME266/CORE/sad_8/pe_41/pre_pixel_cal_reg_1_/D
                                5.47           5.45 f        -0.02  (VIOLATED)
   ME266/CORE/sad_3/pe_31/pre_pixel_cal_reg_1_/D
                                5.51           5.50 f        -0.02  (VIOLATED)
   ME266/CORE/sad_12/pe_57/pre_pixel_cal_reg_5_/D
                                5.42           5.40 f        -0.02  (VIOLATED)
   ME266/CORE/sad_15/pe_61/crt_pixel_cal_reg_7_/D
                                5.41           5.39 f        -0.01  (VIOLATED)
   ME266/CORE/sad_15/pe_71/pre_pixel_cal_reg_2_/D
                                5.41           5.40 f        -0.01  (VIOLATED)
   ME266/CORE/sad_10/pe_56/pre_pixel_cal_reg_6_/D
                                5.50           5.49 f        -0.01  (VIOLATED)
   ME266/CORE/sad_12/pe_47/crt_pixel_cal_reg_0_/D
                                5.37           5.36 f        -0.01  (VIOLATED)
   ME266/CORE/sad_3/pe_37/pre_pixel_cal_reg_7_/D
                                5.46           5.45 f        -0.01  (VIOLATED)
   ME266/CORE/sad_12/pe_47/crt_pixel_cal_reg_2_/D
                                5.37           5.36 f        -0.01  (VIOLATED)
   ME266/CORE/sad_12/pe_47/crt_pixel_cal_reg_1_/D
                                5.37           5.36 f        -0.01  (VIOLATED)
   ME266/CORE/sad_8/pe_31/pre_pixel_cal_reg_2_/D
                                5.44           5.43 f        -0.01  (VIOLATED)
   ME266/CORE/sad_11/pe_52/pre_pixel_cal_reg_1_/D
                                5.45           5.45 f        -0.01  (VIOLATED)
   ME266/CORE/sad_8/pe_31/pre_pixel_cal_reg_3_/D
                                5.44           5.43 f        -0.01  (VIOLATED)
   ME266/CORE/sad_8/pe_41/pre_pixel_cal_reg_0_/D
                                5.46           5.46 f        -0.01  (VIOLATED)
   ME266/CORE/sad_14/pe_12/pre_pixel_cal_reg_3_/D
                                5.51           5.50 f        -0.01  (VIOLATED)
   ME266/CORE/sad_3/pe_31/pre_pixel_cal_reg_2_/D
                                5.51           5.50 f        -0.01  (VIOLATED)
   ME266/CORE/sad_15/pe_36/pre_pixel_cal_reg_4_/D
                                5.44           5.43 f        -0.01  (VIOLATED)
   ME266/CORE/sad_3/pe_37/pre_pixel_cal_reg_3_/D
                                5.44           5.44 f         0.00  (VIOLATED: increase significant digits)
   ME266/CORE/sad_10/pe_56/pre_pixel_cal_reg_7_/D
                                5.50           5.49 f         0.00  (VIOLATED: increase significant digits)
   ME266/CORE/sad_3/pe_31/pre_pixel_cal_reg_7_/D
                                5.50           5.50 f         0.00  (VIOLATED: increase significant digits)
   ME266/CORE/sad_15/pe_61/pre_pixel_cal_reg_6_/D
                                5.47           5.47 f         0.00  (VIOLATED: increase significant digits)
   ME266/CORE/sad_10/pe_26/pre_pixel_cal_reg_3_/D
                                5.47           5.47 f         0.00  (VIOLATED: increase significant digits)
   ME266/CORE/sad_13/pe_73/pre_pixel_cal_reg_1_/D
                                5.49           5.49 f         0.00  (VIOLATED: increase significant digits)
   ME266/PRE/sram1/ADRB[4]      5.42           5.42 f         0.00  (VIOLATED: increase significant digits)
   ME266/CORE/sad_15/pe_61/pre_pixel_cal_reg_7_/D
                                5.47           5.47 f         0.00  (VIOLATED: increase significant digits)
   ME266/CORE/sad_13/pe_73/pre_pixel_cal_reg_2_/D
                                5.49           5.49 f         0.00  (VIOLATED: increase significant digits)
   ME266/CORE/sad_10/pe_26/pre_pixel_cal_reg_4_/D
                                5.47           5.47 f         0.00  (VIOLATED: increase significant digits)


   max_transition

                             Required        Actual
   Net                      Transition     Transition        Slack
   -----------------------------------------------------------------
   ME266/CORE/n199              2.18           2.29          -0.11  (VIOLATED)
       PIN :   ME266/CORE/U201/X
                                2.18           2.29          -0.11  (VIOLATED)
   ME266/data_out[34]           2.17           2.28          -0.11  (VIOLATED)
       PIN :   ME266/PRE/data_out_reg_34_/Q
                                2.17           2.28          -0.11  (VIOLATED)
   ME266/data_out[148]          2.17           2.26          -0.09  (VIOLATED)
       PIN :   ME266/PRE/data_out_reg_148_/Q
                                2.17           2.26          -0.09  (VIOLATED)
   ME266/CORE/n1027             2.15           2.23          -0.08  (VIOLATED)
       PIN :   ME266/CORE/U54/X
                                2.15           2.23          -0.08  (VIOLATED)
   ME266/CORE/n188              2.18           2.26          -0.08  (VIOLATED)
       PIN :   ME266/CORE/U190/X
                                2.18           2.26          -0.08  (VIOLATED)
   ME266/data_out[149]          2.17           2.25          -0.08  (VIOLATED)
       PIN :   ME266/PRE/data_out_reg_149_/Q
                                2.17           2.25          -0.08  (VIOLATED)
   ME266/CORE/n1040             2.15           2.21          -0.06  (VIOLATED)
       PIN :   ME266/CORE/U80/X
                                2.15           2.21          -0.06  (VIOLATED)
   ME266/CORE/n244              2.18           2.22          -0.05  (VIOLATED)
       PIN :   ME266/CORE/U246/X
                                2.18           2.22          -0.05  (VIOLATED)
   ME266/CORE/n1057             2.15           2.20          -0.04  (VIOLATED)
       PIN :   ME266/CORE/U154/X
                                2.15           2.20          -0.04  (VIOLATED)
   ME266/CORE/n1049             2.15           2.19          -0.03  (VIOLATED)
       PIN :   ME266/CORE/U143/X
                                2.15           2.19          -0.03  (VIOLATED)
   ME266/CORE/n1099             2.15           2.19          -0.03  (VIOLATED)
       PIN :   ME266/CORE/U289/X
                                2.15           2.19          -0.03  (VIOLATED)
   ME266/CORE/n196              2.18           2.21          -0.03  (VIOLATED)
       PIN :   ME266/CORE/U198/X
                                2.18           2.21          -0.03  (VIOLATED)
   ME266/CORE/n246              2.18           2.21          -0.03  (VIOLATED)
       PIN :   ME266/CORE/U248/X
                                2.18           2.21          -0.03  (VIOLATED)
   ME266/CORE/n245              2.18           2.19          -0.01  (VIOLATED)
       PIN :   ME266/CORE/U247/X
                                2.18           2.19          -0.01  (VIOLATED)
   ME266/CORE/n1098             2.15           2.16          -0.01  (VIOLATED)
       PIN :   ME266/CORE/U282/X
                                2.15           2.16          -0.01  (VIOLATED)
   ME266/CORE/n1091             2.15           2.16           0.00  (VIOLATED: increase significant digits)
   ME266/CORE/n1427             2.18           2.18           0.00  (VIOLATED: increase significant digits)
   ME266/CORE/n1037             2.15           2.16           0.00  (VIOLATED: increase significant digits)
   ME266/CORE/n247              2.18           2.18           0.00  (VIOLATED: increase significant digits)

   -----------------------------------------------------------------
   Total                      19                 -0.86  

   max_fanout

                             Required        Actual
   Net                        Fanout         Fanout          Slack
   -----------------------------------------------------------------
   ME266/net_clk_G2B4I66 (dont_touch)
                               32.00          38.00          -6.00  (VIOLATED)
   ME266/CUR/net_clk_G2B4I566 (dont_touch)
                               32.00          33.00          -1.00  (VIOLATED)

   -----------------------------------------------------------------
   Total                      2                  -7.00  

   max_capacitance

                             Required        Actual
   Net                      Capacitance    Capacitance       Slack
   -----------------------------------------------------------------
   ME266/CORE/n1027             0.30           0.32          -0.01  (VIOLATED)
   ME266/CORE/n1040             0.30           0.31          -0.01  (VIOLATED)
   ME266/CORE/n1057             0.30           0.31          -0.01  (VIOLATED)
   ME266/CORE/n199              0.15           0.16          -0.01  (VIOLATED)
   ME266/data_out[34]           0.15           0.16          -0.01  (VIOLATED)
   ME266/CORE/n1099             0.30           0.31          -0.01  (VIOLATED)
   ME266/CORE/n188              0.15           0.16          -0.01  (VIOLATED)
   ME266/data_out[148]          0.15           0.16          -0.01  (VIOLATED)
   ME266/CORE/n1049             0.30           0.31          -0.01  (VIOLATED)
   ME266/data_out[149]          0.15           0.16          -0.01  (VIOLATED)
   n884                         0.15           0.15           0.00  (VIOLATED: increase significant digits)
   ME266/CORE/n1098             0.30           0.31           0.00  (VIOLATED: increase significant digits)
   ME266/CORE/n196              0.15           0.16           0.00  (VIOLATED: increase significant digits)
   ME266/CORE/n1091             0.30           0.31           0.00  (VIOLATED: increase significant digits)
   ME266/CORE/n244              0.15           0.16           0.00  (VIOLATED: increase significant digits)
   ME266/CORE/n246              0.15           0.15           0.00  (VIOLATED: increase significant digits)
   n829                         0.15           0.15           0.00  (VIOLATED: increase significant digits)
   n876                         0.15           0.15           0.00  (VIOLATED: increase significant digits)
   ME266/CORE/n1037             0.30           0.31           0.00  (VIOLATED: increase significant digits)
   n828                         0.15           0.15           0.00  (VIOLATED: increase significant digits)
   ME266/CORE/n245              0.15           0.15           0.00  (VIOLATED: increase significant digits)
   n889                         0.15           0.15           0.00  (VIOLATED: increase significant digits)
   n893                         0.15           0.15           0.00  (VIOLATED: increase significant digits)
   n838                         0.15           0.15           0.00  (VIOLATED: increase significant digits)
   ME266/CORE/n1427             0.15           0.15           0.00  (VIOLATED: increase significant digits)
   ME266/data_out[53]           0.15           0.15           0.00  (VIOLATED: increase significant digits)
   n879                         0.15           0.15           0.00  (VIOLATED: increase significant digits)
   n895                         0.15           0.15           0.00  (VIOLATED: increase significant digits)
   ME266/CORE/n247              0.15           0.15           0.00  (VIOLATED: increase significant digits)
   n897                         0.15           0.15           0.00  (VIOLATED: increase significant digits)

   -----------------------------------------------------------------
   Total                      30                 -0.11  

   min_capacitance

                             Required        Actual
   Net                      Capacitance    Capacitance       Slack
   -----------------------------------------------------------------
   clk (dont_touch)             6.43           1.43          -5.00  (VIOLATED)
   cur_in[0]                    6.43           1.43          -5.00  (VIOLATED)
   cur_in[1]                    6.43           1.43          -5.00  (VIOLATED)
   cur_in[2]                    6.43           1.43          -5.00  (VIOLATED)
   cur_in[3]                    6.43           1.43          -5.00  (VIOLATED)
   cur_in[4]                    6.43           1.43          -5.00  (VIOLATED)
   cur_in[5]                    6.43           1.43          -5.00  (VIOLATED)
   cur_in[6]                    6.43           1.43          -5.00  (VIOLATED)
   cur_in[7]                    6.43           1.43          -5.00  (VIOLATED)
   cur_in[8]                    6.43           1.43          -5.00  (VIOLATED)
   cur_in[9]                    6.43           1.43          -5.00  (VIOLATED)
   cur_in[10]                   6.43           1.43          -5.00  (VIOLATED)
   cur_in[11]                   6.43           1.43          -5.00  (VIOLATED)
   cur_in[12]                   6.43           1.43          -5.00  (VIOLATED)
   cur_in[13]                   6.43           1.43          -5.00  (VIOLATED)
   cur_in[14]                   6.43           1.43          -5.00  (VIOLATED)
   cur_in[15]                   6.43           1.43          -5.00  (VIOLATED)
   cur_in[16]                   6.43           1.43          -5.00  (VIOLATED)
   cur_in[17]                   6.43           1.43          -5.00  (VIOLATED)
   cur_in[18]                   6.43           1.43          -5.00  (VIOLATED)
   cur_in[19]                   6.43           1.43          -5.00  (VIOLATED)
   cur_in[20]                   6.43           1.43          -5.00  (VIOLATED)
   cur_in[21]                   6.43           1.43          -5.00  (VIOLATED)
   cur_in[22]                   6.43           1.43          -5.00  (VIOLATED)
   cur_in[23]                   6.43           1.43          -5.00  (VIOLATED)
   cur_in[24]                   6.43           1.43          -5.00  (VIOLATED)
   cur_in[25]                   6.43           1.43          -5.00  (VIOLATED)
   cur_in[26]                   6.43           1.43          -5.00  (VIOLATED)
   cur_in[27]                   6.43           1.43          -5.00  (VIOLATED)
   cur_in[28]                   6.43           1.43          -5.00  (VIOLATED)
   cur_in[29]                   6.43           1.43          -5.00  (VIOLATED)
   cur_in[30]                   6.43           1.43          -5.00  (VIOLATED)
   cur_in[31]                   6.43           1.43          -5.00  (VIOLATED)
   ref_in[0]                    6.43           1.43          -5.00  (VIOLATED)
   ref_in[1]                    6.43           1.43          -5.00  (VIOLATED)
   ref_in[2]                    6.43           1.43          -5.00  (VIOLATED)
   ref_in[3]                    6.43           1.43          -5.00  (VIOLATED)
   ref_in[4]                    6.43           1.43          -5.00  (VIOLATED)
   ref_in[5]                    6.43           1.43          -5.00  (VIOLATED)
   ref_in[6]                    6.43           1.43          -5.00  (VIOLATED)
   ref_in[7]                    6.43           1.43          -5.00  (VIOLATED)
   ref_in[8]                    6.43           1.43          -5.00  (VIOLATED)
   ref_in[9]                    6.43           1.43          -5.00  (VIOLATED)
   ref_in[10]                   6.43           1.43          -5.00  (VIOLATED)
   ref_in[11]                   6.43           1.43          -5.00  (VIOLATED)
   ref_in[12]                   6.43           1.43          -5.00  (VIOLATED)
   ref_in[13]                   6.43           1.43          -5.00  (VIOLATED)
   ref_in[14]                   6.43           1.43          -5.00  (VIOLATED)
   ref_in[15]                   6.43           1.43          -5.00  (VIOLATED)
   ref_in[16]                   6.43           1.43          -5.00  (VIOLATED)
   ref_in[17]                   6.43           1.43          -5.00  (VIOLATED)
   ref_in[18]                   6.43           1.43          -5.00  (VIOLATED)
   ref_in[19]                   6.43           1.43          -5.00  (VIOLATED)
   ref_in[20]                   6.43           1.43          -5.00  (VIOLATED)
   ref_in[21]                   6.43           1.43          -5.00  (VIOLATED)
   ref_in[22]                   6.43           1.43          -5.00  (VIOLATED)
   ref_in[23]                   6.43           1.43          -5.00  (VIOLATED)
   ref_in[24]                   6.43           1.43          -5.00  (VIOLATED)
   ref_in[25]                   6.43           1.43          -5.00  (VIOLATED)
   ref_in[26]                   6.43           1.43          -5.00  (VIOLATED)
   ref_in[27]                   6.43           1.43          -5.00  (VIOLATED)
   ref_in[28]                   6.43           1.43          -5.00  (VIOLATED)
   ref_in[29]                   6.43           1.43          -5.00  (VIOLATED)
   ref_in[30]                   6.43           1.43          -5.00  (VIOLATED)
   ref_in[31]                   6.43           1.43          -5.00  (VIOLATED)
   ref_in[32]                   6.43           1.43          -5.00  (VIOLATED)
   ref_in[33]                   6.43           1.43          -5.00  (VIOLATED)
   ref_in[34]                   6.43           1.43          -5.00  (VIOLATED)
   ref_in[35]                   6.43           1.43          -5.00  (VIOLATED)
   ref_in[36]                   6.43           1.43          -5.00  (VIOLATED)
   ref_in[37]                   6.43           1.43          -5.00  (VIOLATED)
   ref_in[38]                   6.43           1.43          -5.00  (VIOLATED)
   ref_in[39]                   6.43           1.43          -5.00  (VIOLATED)
   ref_in[40]                   6.43           1.43          -5.00  (VIOLATED)
   ref_in[41]                   6.43           1.43          -5.00  (VIOLATED)
   ref_in[42]                   6.43           1.43          -5.00  (VIOLATED)
   ref_in[43]                   6.43           1.43          -5.00  (VIOLATED)
   ref_in[44]                   6.43           1.43          -5.00  (VIOLATED)
   ref_in[45]                   6.43           1.43          -5.00  (VIOLATED)
   ref_in[46]                   6.43           1.43          -5.00  (VIOLATED)
   ref_in[47]                   6.43           1.43          -5.00  (VIOLATED)
   ref_in[48]                   6.43           1.43          -5.00  (VIOLATED)
   ref_in[49]                   6.43           1.43          -5.00  (VIOLATED)
   ref_in[50]                   6.43           1.43          -5.00  (VIOLATED)
   ref_in[51]                   6.43           1.43          -5.00  (VIOLATED)
   ref_in[52]                   6.43           1.43          -5.00  (VIOLATED)
   ref_in[53]                   6.43           1.43          -5.00  (VIOLATED)
   ref_in[54]                   6.43           1.43          -5.00  (VIOLATED)
   ref_in[55]                   6.43           1.43          -5.00  (VIOLATED)
   ref_in[56]                   6.43           1.43          -5.00  (VIOLATED)
   ref_in[57]                   6.43           1.43          -5.00  (VIOLATED)
   ref_in[58]                   6.43           1.43          -5.00  (VIOLATED)
   ref_in[59]                   6.43           1.43          -5.00  (VIOLATED)
   ref_in[60]                   6.43           1.43          -5.00  (VIOLATED)
   ref_in[61]                   6.43           1.43          -5.00  (VIOLATED)
   ref_in[62]                   6.43           1.43          -5.00  (VIOLATED)
   ref_in[63]                   6.43           1.43          -5.00  (VIOLATED)
   rst                          6.43           1.43          -5.00  (VIOLATED)
   cur_read                     6.43           2.85          -3.57  (VIOLATED)
   ref_read                     6.43           2.85          -3.57  (VIOLATED)
   sad_out                      6.43           2.85          -3.57  (VIOLATED)
   sign_sad                     6.43           2.85          -3.57  (VIOLATED)
   y_out                        6.43           2.85          -3.57  (VIOLATED)
   x_out (dont_touch)           6.43           2.87          -3.55  (VIOLATED)

   -----------------------------------------------------------------
   Total                      104              -511.42  

   max_area

                             Required        Actual
   Design                      Area           Area           Slack
   -----------------------------------------------------------------
   me266_chip                   0.00       914941.62      -914941.62
                                                                    (VIOLATED)


1
