 
****************************************
Report : constraint
        -all_violators
Design : me266_chip
Version: O-2018.06-SP1
Date   : Fri Apr  8 15:09:42 2022
****************************************


   min_delay/hold ('clk' group)

                             Required        Actual
   Endpoint                 Path Delay     Path Delay        Slack
   -----------------------------------------------------------------
   ME266/CUR/dua/DA[57]         5.84           5.52 f        -0.32  (VIOLATED)
   ME266/CUR/dua/DA[61]         5.84           5.53 f        -0.31  (VIOLATED)
   ME266/CUR/dua/DA[59]         5.84           5.53 f        -0.31  (VIOLATED)
   ME266/CUR/dua/DA[36]         5.83           5.52 f        -0.31  (VIOLATED)
   ME266/CUR/dua/DA[37]         5.83           5.52 f        -0.31  (VIOLATED)
   ME266/CUR/dua/DA[41]         5.84           5.53 f        -0.30  (VIOLATED)
   ME266/CUR/dua/DA[62]         5.84           5.54 f        -0.30  (VIOLATED)
   ME266/CUR/dua/DA[32]         5.84           5.54 f        -0.30  (VIOLATED)
   ME266/CUR/dua/DA[60]         5.83           5.54 f        -0.29  (VIOLATED)
   ME266/CUR/dua/DA[53]         5.85           5.57 r        -0.28  (VIOLATED)
   ME266/CUR/dua/DA[38]         5.81           5.54 f        -0.28  (VIOLATED)
   ME266/CUR/dua/DA[11]         5.83           5.58 f        -0.25  (VIOLATED)
   ME266/CUR/dua/DA[12]         5.83           5.59 f        -0.24  (VIOLATED)
   ME266/CUR/dua/DA[33]         5.81           5.58 f        -0.24  (VIOLATED)
   ME266/CUR/dua/DA[58]         5.85           5.63 f        -0.21  (VIOLATED)
   ME266/CUR/dua/DA[55]         5.84           5.63 f        -0.20  (VIOLATED)
   ME266/CUR/dua/DA[63]         5.83           5.63 f        -0.20  (VIOLATED)
   ME266/CUR/dua/DA[16]         5.83           5.63 f        -0.20  (VIOLATED)
   ME266/CUR/dua/DA[51]         5.83           5.63 f        -0.20  (VIOLATED)
   ME266/CUR/dua/DA[54]         5.83           5.63 f        -0.20  (VIOLATED)
   ME266/CUR/dua/DA[15]         5.83           5.64 f        -0.19  (VIOLATED)
   ME266/CUR/dua/ADRB[0]        5.78           5.59 f        -0.19  (VIOLATED)
   ME266/CUR/dua/DA[18]         5.83           5.65 f        -0.18  (VIOLATED)
   ME266/CUR/dua/DA[19]         5.83           5.65 f        -0.18  (VIOLATED)
   ME266/CUR/dua/DA[5]          5.79           5.61 f        -0.17  (VIOLATED)
   ME266/CORE/sad_6/pe_76/pre_pixel_cal_reg_0_/D
                                5.66           5.50 f        -0.16  (VIOLATED)
   ME266/CORE/sad_6/pe_76/pre_pixel_cal_reg_1_/D
                                5.66           5.51 f        -0.16  (VIOLATED)
   ME266/CORE/sad_8/pe_15/pre_pixel_cal_reg_3_/D
                                5.67           5.53 f        -0.14  (VIOLATED)
   ME266/CUR/dua/DA[30]         5.79           5.65 f        -0.13  (VIOLATED)
   ME266/CORE/sad_6/pe_76/crt_pixel_cal_reg_0_/D
                                5.62           5.49 f        -0.12  (VIOLATED)
   ME266/CORE/sad_6/pe_76/crt_pixel_cal_reg_1_/D
                                5.62           5.50 f        -0.12  (VIOLATED)
   ME266/CORE/sad_8/pe_25/pre_pixel_cal_reg_5_/D
                                5.64           5.52 f        -0.12  (VIOLATED)
   ME266/CORE/sad_8/pe_17/pre_pixel_cal_reg_6_/D
                                5.60           5.49 f        -0.11  (VIOLATED)
   ME266/CORE/sad_8/pe_13/pre_pixel_cal_reg_1_/D
                                5.64           5.53 f        -0.11  (VIOLATED)
   ME266/CORE/sad_8/pe_15/pre_pixel_cal_reg_7_/D
                                5.64           5.53 f        -0.11  (VIOLATED)
   ME266/CORE/sad_6/pe_11/pre_pixel_cal_reg_4_/D
                                5.66           5.55 f        -0.11  (VIOLATED)
   ME266/CUR/dua/ADRB[3]        5.74           5.64 f        -0.11  (VIOLATED)
   ME266/CUR/dua/DA[47]         5.78           5.68 f        -0.10  (VIOLATED)
   ME266/CORE/sad_8/pe_15/pre_pixel_cal_reg_6_/D
                                5.63           5.53 f        -0.10  (VIOLATED)
   ME266/CORE/sad_8/pe_13/pre_pixel_cal_reg_0_/D
                                5.63           5.53 f        -0.10  (VIOLATED)
   ME266/CORE/sad_6/pe_11/pre_pixel_cal_reg_1_/D
                                5.63           5.54 f        -0.10  (VIOLATED)
   ME266/CORE/sad_6/pe_11/crt_pixel_cal_reg_6_/D
                                5.60           5.51 f        -0.10  (VIOLATED)
   ME266/CORE/sad_6/pe_11/pre_pixel_cal_reg_7_/D
                                5.65           5.56 f        -0.10  (VIOLATED)
   ME266/CORE/sad_5/pe_64/pre_pixel_cal_reg_4_/D
                                5.50           5.41 f        -0.10  (VIOLATED)
   ME266/CUR/dua/DA[22]         5.83           5.74 f        -0.10  (VIOLATED)
   ME266/CUR/dua/DA[49]         5.78           5.69 f        -0.09  (VIOLATED)
   ME266/CORE/sad_6/pe_11/pre_pixel_cal_reg_3_/D
                                5.63           5.54 f        -0.09  (VIOLATED)
   ME266/CUR/dua/ADRB[2]        5.75           5.66 f        -0.09  (VIOLATED)
   ME266/CORE/sad_8/pe_13/pre_pixel_cal_reg_3_/D
                                5.63           5.55 f        -0.09  (VIOLATED)
   ME266/CORE/sad_8/pe_13/pre_pixel_cal_reg_4_/D
                                5.63           5.55 f        -0.09  (VIOLATED)
   ME266/CORE/sad_8/pe_13/pre_pixel_cal_reg_5_/D
                                5.63           5.54 f        -0.09  (VIOLATED)
   ME266/CUR/dua/DA[56]         5.86           5.77 f        -0.08  (VIOLATED)
   ME266/CORE/sad_8/pe_13/pre_pixel_cal_reg_6_/D
                                5.63           5.55 f        -0.08  (VIOLATED)
   ME266/CORE/sad_15/pe_33/pre_pixel_cal_reg_4_/D
                                5.53           5.45 f        -0.08  (VIOLATED)
   ME266/CORE/sad_7/pe_26/pre_pixel_cal_reg_5_/D
                                5.54           5.46 f        -0.08  (VIOLATED)
   ME266/CORE/sad_5/pe_74/crt_pixel_cal_reg_5_/D
                                5.48           5.40 f        -0.08  (VIOLATED)
   ME266/CORE/sad_8/pe_31/crt_pixel_cal_reg_1_/D
                                5.58           5.51 f        -0.08  (VIOLATED)
   ME266/CORE/sad_6/pe_11/crt_pixel_cal_reg_4_/D
                                5.59           5.51 f        -0.08  (VIOLATED)
   ME266/CORE/sad_7/pe_26/pre_pixel_cal_reg_6_/D
                                5.54           5.46 f        -0.08  (VIOLATED)
   ME266/CORE/sad_8/pe_17/pre_pixel_cal_reg_4_/D
                                5.60           5.52 f        -0.07  (VIOLATED)
   ME266/CORE/sad_8/pe_13/crt_pixel_cal_reg_0_/D
                                5.58           5.51 f        -0.07  (VIOLATED)
   ME266/CUR/dua/DA[46]         5.81           5.74 f        -0.07  (VIOLATED)
   ME266/CORE/sad_8/pe_13/crt_pixel_cal_reg_4_/D
                                5.59           5.52 f        -0.07  (VIOLATED)
   ME266/CORE/sad_8/pe_16/pre_pixel_cal_reg_3_/D
                                5.49           5.42 f        -0.07  (VIOLATED)
   ME266/CORE/sad_8/pe_15/pre_pixel_cal_reg_1_/D
                                5.65           5.58 f        -0.07  (VIOLATED)
   ME266/CORE/sad_8/pe_13/crt_pixel_cal_reg_6_/D
                                5.59           5.52 f        -0.07  (VIOLATED)
   ME266/CORE/sad_8/pe_15/pre_pixel_cal_reg_2_/D
                                5.65           5.58 f        -0.07  (VIOLATED)
   ME266/CORE/sad_8/pe_13/crt_pixel_cal_reg_3_/D
                                5.59           5.52 f        -0.07  (VIOLATED)
   ME266/CORE/sad_8/pe_13/crt_pixel_cal_reg_2_/D
                                5.59           5.52 f        -0.06  (VIOLATED)
   ME266/CORE/sad_8/pe_13/crt_pixel_cal_reg_5_/D
                                5.58           5.52 f        -0.06  (VIOLATED)
   ME266/CORE/sad_8/pe_17/pre_pixel_cal_reg_5_/D
                                5.60           5.54 f        -0.06  (VIOLATED)
   ME266/CORE/sad_15/pe_33/pre_pixel_cal_reg_7_/D
                                5.53           5.46 f        -0.06  (VIOLATED)
   ME266/CORE/sad_7/pe_26/pre_pixel_cal_reg_3_/D
                                5.54           5.47 f        -0.06  (VIOLATED)
   ME266/CORE/sad_15/pe_33/pre_pixel_cal_reg_5_/D
                                5.53           5.47 f        -0.06  (VIOLATED)
   ME266/CORE/sad_11/pe_30/pre_pixel_cal_reg_4_/D
                                5.53           5.47 f        -0.06  (VIOLATED)
   ME266/CORE/sad_6/pe_11/pre_pixel_cal_reg_0_/D
                                5.64           5.58 f        -0.06  (VIOLATED)
   ME266/CORE/sad_8/pe_13/crt_pixel_cal_reg_7_/D
                                5.59           5.53 f        -0.06  (VIOLATED)
   ME266/CORE/sad_11/pe_30/pre_pixel_cal_reg_2_/D
                                5.53           5.47 f        -0.06  (VIOLATED)
   ME266/CORE/sad_11/pe_30/pre_pixel_cal_reg_3_/D
                                5.53           5.47 f        -0.05  (VIOLATED)
   ME266/CORE/sad_1/pe_61/pre_pixel_cal_reg_2_/D
                                5.53           5.47 f        -0.05  (VIOLATED)
   ME266/CORE/sad_15/pe_33/pre_pixel_cal_reg_6_/D
                                5.53           5.47 f        -0.05  (VIOLATED)
   ME266/CUR/dua/DA[17]         5.83           5.78 f        -0.05  (VIOLATED)
   ME266/CORE/sad_1/pe_61/pre_pixel_cal_reg_1_/D
                                5.52           5.47 f        -0.05  (VIOLATED)
   ME266/CUR/dua/DA[21]         5.83           5.78 f        -0.05  (VIOLATED)
   ME266/CORE/sad_14/pe_36/pre_pixel_cal_reg_3_/D
                                5.57           5.52 f        -0.05  (VIOLATED)
   ME266/CORE/sad_8/pe_23/crt_pixel_cal_reg_1_/D
                                5.58           5.53 f        -0.05  (VIOLATED)
   ME266/CORE/sad_4/pe_44/pre_pixel_cal_reg_2_/D
                                5.63           5.58 f        -0.05  (VIOLATED)
   ME266/CORE/sad_6/pe_44/pre_pixel_cal_reg_6_/D
                                5.64           5.60 f        -0.05  (VIOLATED)
   ME266/CORE/sad_14/pe_36/pre_pixel_cal_reg_1_/D
                                5.57           5.52 f        -0.05  (VIOLATED)
   ME266/CORE/sad_8/pe_16/pre_pixel_cal_reg_5_/D
                                5.49           5.44 f        -0.05  (VIOLATED)
   ME266/CORE/sad_14/pe_36/pre_pixel_cal_reg_2_/D
                                5.57           5.52 f        -0.05  (VIOLATED)
   ME266/CORE/sad_15/pe_41/pre_pixel_cal_reg_1_/D
                                5.50           5.46 f        -0.05  (VIOLATED)
   ME266/CUR/dua/DA[40]         5.85           5.81 f        -0.05  (VIOLATED)
   ME266/CORE/sad_4/pe_44/pre_pixel_cal_reg_0_/D
                                5.63           5.58 f        -0.05  (VIOLATED)
   ME266/CORE/sad_14/pe_36/pre_pixel_cal_reg_0_/D
                                5.57           5.52 f        -0.05  (VIOLATED)
   ME266/CORE/sad_4/pe_44/pre_pixel_cal_reg_1_/D
                                5.63           5.58 f        -0.05  (VIOLATED)
   ME266/CORE/sad_11/pe_30/pre_pixel_cal_reg_0_/D
                                5.53           5.48 f        -0.05  (VIOLATED)
   ME266/CUR/dua/DA[52]         5.86           5.81 f        -0.05  (VIOLATED)
   ME266/CORE/sad_15/pe_41/pre_pixel_cal_reg_0_/D
                                5.50           5.46 f        -0.05  (VIOLATED)
   ME266/CORE/sad_5/pe_32/pre_pixel_cal_reg_2_/D
                                5.53           5.49 f        -0.04  (VIOLATED)
   ME266/CORE/sad_6/pe_44/pre_pixel_cal_reg_7_/D
                                5.64           5.60 f        -0.04  (VIOLATED)
   ME266/CORE/sad_11/pe_30/pre_pixel_cal_reg_1_/D
                                5.53           5.48 f        -0.04  (VIOLATED)
   ME266/CORE/sad_11/pe_30/pre_pixel_cal_reg_6_/D
                                5.53           5.49 f        -0.04  (VIOLATED)
   ME266/CORE/sad_7/pe_26/pre_pixel_cal_reg_1_/D
                                5.54           5.50 f        -0.04  (VIOLATED)
   ME266/CORE/sad_5/pe_33/pre_pixel_cal_reg_6_/D
                                5.59           5.55 f        -0.04  (VIOLATED)
   ME266/CORE/sad_6/pe_44/pre_pixel_cal_reg_2_/D
                                5.64           5.60 f        -0.04  (VIOLATED)
   ME266/CORE/sad_5/pe_32/pre_pixel_cal_reg_4_/D
                                5.53           5.49 f        -0.04  (VIOLATED)
   ME266/CORE/sad_6/pe_44/pre_pixel_cal_reg_5_/D
                                5.64           5.60 f        -0.04  (VIOLATED)
   ME266/CORE/sad_8/pe_53/pre_pixel_cal_reg_1_/D
                                5.66           5.62 f        -0.04  (VIOLATED)
   ME266/CORE/sad_4/pe_44/pre_pixel_cal_reg_3_/D
                                5.63           5.59 f        -0.04  (VIOLATED)
   ME266/CORE/sad_0/pe_70/pre_pixel_cal_reg_4_/D
                                5.57           5.53 f        -0.04  (VIOLATED)
   ME266/CORE/sad_6/pe_44/pre_pixel_cal_reg_3_/D
                                5.64           5.60 f        -0.04  (VIOLATED)
   ME266/CORE/sad_6/pe_44/pre_pixel_cal_reg_4_/D
                                5.64           5.60 f        -0.04  (VIOLATED)
   ME266/CORE/sad_5/pe_33/pre_pixel_cal_reg_4_/D
                                5.59           5.55 f        -0.04  (VIOLATED)
   ME266/CORE/sad_5/pe_32/pre_pixel_cal_reg_3_/D
                                5.53           5.49 f        -0.04  (VIOLATED)
   ME266/CORE/sad_6/pe_67/crt_pixel_cal_reg_7_/D
                                5.56           5.53 f        -0.04  (VIOLATED)
   ME266/CORE/sad_11/pe_30/pre_pixel_cal_reg_5_/D
                                5.53           5.49 f        -0.04  (VIOLATED)
   ME266/CORE/sad_5/pe_33/pre_pixel_cal_reg_7_/D
                                5.59           5.55 f        -0.04  (VIOLATED)
   ME266/CORE/sad_6/pe_11/pre_pixel_cal_reg_6_/D
                                5.65           5.62 f        -0.04  (VIOLATED)
   ME266/CORE/sad_8/pe_16/pre_pixel_cal_reg_4_/D
                                5.48           5.45 f        -0.04  (VIOLATED)
   ME266/CORE/sad_5/pe_33/pre_pixel_cal_reg_5_/D
                                5.59           5.55 f        -0.04  (VIOLATED)
   ME266/CORE/sad_8/pe_33/pre_pixel_cal_reg_7_/D
                                5.65           5.62 f        -0.04  (VIOLATED)
   ME266/CORE/sad_6/pe_44/pre_pixel_cal_reg_1_/D
                                5.64           5.61 f        -0.04  (VIOLATED)
   ME266/CORE/sad_12/pe_10/pre_pixel_cal_reg_2_/D
                                5.61           5.58 f        -0.03  (VIOLATED)
   ME266/CORE/sad_13/pe_35/pre_pixel_cal_reg_7_/D
                                5.55           5.52 f        -0.03  (VIOLATED)
   ME266/CORE/sad_11/pe_30/pre_pixel_cal_reg_7_/D
                                5.53           5.49 f        -0.03  (VIOLATED)
   ME266/CORE/sad_4/pe_54/pre_pixel_cal_reg_4_/D
                                5.63           5.59 f        -0.03  (VIOLATED)
   ME266/CORE/sad_5/pe_64/crt_pixel_cal_reg_3_/D
                                5.45           5.42 f        -0.03  (VIOLATED)
   ME266/CORE/sad_7/pe_65/pre_pixel_cal_reg_5_/D
                                5.57           5.54 f        -0.03  (VIOLATED)
   ME266/CORE/sad_8/pe_17/pre_pixel_cal_reg_2_/D
                                5.60           5.56 f        -0.03  (VIOLATED)
   ME266/CORE/sad_15/pe_33/crt_pixel_cal_reg_0_/D
                                5.48           5.45 f        -0.03  (VIOLATED)
   ME266/CORE/sad_14/pe_57/pre_pixel_cal_reg_0_/D
                                5.55           5.51 f        -0.03  (VIOLATED)
   ME266/CORE/sad_7/pe_65/pre_pixel_cal_reg_2_/D
                                5.57           5.54 f        -0.03  (VIOLATED)
   ME266/CORE/sad_13/pe_47/pre_pixel_cal_reg_3_/D
                                5.59           5.56 f        -0.03  (VIOLATED)
   ME266/CORE/sad_14/pe_55/pre_pixel_cal_reg_1_/D
                                5.58           5.55 f        -0.03  (VIOLATED)
   ME266/CORE/sad_4/pe_16/pre_pixel_cal_reg_6_/D
                                5.58           5.55 f        -0.03  (VIOLATED)
   ME266/CORE/sad_4/pe_16/pre_pixel_cal_reg_4_/D
                                5.58           5.55 f        -0.03  (VIOLATED)
   ME266/CORE/sad_12/pe_10/pre_pixel_cal_reg_1_/D
                                5.61           5.58 f        -0.03  (VIOLATED)
   ME266/CORE/sad_15/pe_41/crt_pixel_cal_reg_3_/D
                                5.48           5.45 f        -0.03  (VIOLATED)
   ME266/CORE/sad_7/pe_26/crt_pixel_cal_reg_7_/D
                                5.49           5.45 f        -0.03  (VIOLATED)
   ME266/CORE/sad_8/pe_17/pre_pixel_cal_reg_0_/D
                                5.60           5.57 f        -0.03  (VIOLATED)
   ME266/CORE/sad_8/pe_16/pre_pixel_cal_reg_2_/D
                                5.48           5.45 f        -0.03  (VIOLATED)
   ME266/CORE/sad_12/pe_10/pre_pixel_cal_reg_0_/D
                                5.61           5.58 f        -0.03  (VIOLATED)
   ME266/CORE/sad_13/pe_62/pre_pixel_cal_reg_3_/D
                                5.61           5.58 f        -0.03  (VIOLATED)
   ME266/CORE/sad_15/pe_33/crt_pixel_cal_reg_7_/D
                                5.48           5.45 f        -0.03  (VIOLATED)
   ME266/CORE/sad_7/pe_65/pre_pixel_cal_reg_4_/D
                                5.57           5.54 f        -0.03  (VIOLATED)
   ME266/CORE/sad_15/pe_41/crt_pixel_cal_reg_7_/D
                                5.49           5.46 f        -0.03  (VIOLATED)
   ME266/CORE/sad_14/pe_55/pre_pixel_cal_reg_0_/D
                                5.58           5.55 f        -0.03  (VIOLATED)
   ME266/CORE/sad_15/pe_42/pre_pixel_cal_reg_7_/D
                                5.54           5.51 f        -0.03  (VIOLATED)
   ME266/CORE/sad_7/pe_26/crt_pixel_cal_reg_6_/D
                                5.49           5.46 f        -0.03  (VIOLATED)
   ME266/CORE/sad_7/pe_26/pre_pixel_cal_reg_4_/D
                                5.49           5.47 f        -0.03  (VIOLATED)
   ME266/CORE/sad_7/pe_26/pre_pixel_cal_reg_0_/D
                                5.54           5.51 f        -0.03  (VIOLATED)
   ME266/CORE/sad_13/pe_62/pre_pixel_cal_reg_2_/D
                                5.61           5.58 f        -0.03  (VIOLATED)
   ME266/CORE/sad_14/pe_55/pre_pixel_cal_reg_2_/D
                                5.58           5.55 f        -0.03  (VIOLATED)
   ME266/CORE/sad_8/pe_41/pre_pixel_cal_reg_7_/D
                                5.50           5.47 f        -0.03  (VIOLATED)
   ME266/CORE/sad_8/pe_74/pre_pixel_cal_reg_6_/D
                                5.55           5.52 f        -0.03  (VIOLATED)
   ME266/CORE/sad_8/pe_17/pre_pixel_cal_reg_3_/D
                                5.60           5.57 f        -0.03  (VIOLATED)
   ME266/CORE/sad_7/pe_26/crt_pixel_cal_reg_5_/D
                                5.49           5.46 f        -0.03  (VIOLATED)
   ME266/CORE/sad_3/pe_33/pre_pixel_cal_reg_3_/D
                                5.62           5.59 f        -0.02  (VIOLATED)
   ME266/CORE/sad_10/pe_24/pre_pixel_cal_reg_0_/D
                                5.58           5.55 f        -0.02  (VIOLATED)
   ME266/CORE/sad_3/pe_24/crt_pixel_cal_reg_4_/D
                                5.55           5.52 f        -0.02  (VIOLATED)
   ME266/CORE/sad_7/pe_26/crt_pixel_cal_reg_4_/D
                                5.49           5.46 f        -0.02  (VIOLATED)
   ME266/CORE/sad_7/pe_65/pre_pixel_cal_reg_3_/D
                                5.57           5.55 f        -0.02  (VIOLATED)
   ME266/CUR/dua/DA[50]         5.78           5.75 f        -0.02  (VIOLATED)
   ME266/CORE/sad_4/pe_75/pre_pixel_cal_reg_1_/D
                                5.57           5.55 f        -0.02  (VIOLATED)
   ME266/CORE/sad_12/pe_24/pre_pixel_cal_reg_2_/D
                                5.65           5.63 f        -0.02  (VIOLATED)
   ME266/CORE/sad_15/pe_42/pre_pixel_cal_reg_4_/D
                                5.54           5.52 f        -0.02  (VIOLATED)
   ME266/CORE/sad_0/pe_44/pre_pixel_cal_reg_0_/D
                                5.60           5.58 f        -0.02  (VIOLATED)
   ME266/CORE/sad_12/pe_24/pre_pixel_cal_reg_0_/D
                                5.65           5.63 f        -0.02  (VIOLATED)
   ME266/CORE/sad_3/pe_24/crt_pixel_cal_reg_1_/D
                                5.54           5.52 f        -0.02  (VIOLATED)
   ME266/CORE/sad_14/pe_47/pre_pixel_cal_reg_3_/D
                                5.54           5.52 f        -0.02  (VIOLATED)
   ME266/CORE/sad_7/pe_26/pre_pixel_cal_reg_2_/D
                                5.49           5.47 f        -0.02  (VIOLATED)
   ME266/CORE/sad_5/pe_32/pre_pixel_cal_reg_5_/D
                                5.53           5.51 f        -0.02  (VIOLATED)
   ME266/CORE/sad_15/pe_42/pre_pixel_cal_reg_6_/D
                                5.54           5.52 f        -0.02  (VIOLATED)
   ME266/CORE/sad_15/pe_41/crt_pixel_cal_reg_5_/D
                                5.48           5.46 f        -0.02  (VIOLATED)
   ME266/CORE/sad_6/pe_11/pre_pixel_cal_reg_2_/D
                                5.63           5.61 f        -0.02  (VIOLATED)
   ME266/CORE/sad_3/pe_24/crt_pixel_cal_reg_3_/D
                                5.55           5.52 f        -0.02  (VIOLATED)
   ME266/CORE/sad_13/pe_47/pre_pixel_cal_reg_2_/D
                                5.57           5.55 f        -0.02  (VIOLATED)
   ME266/CORE/sad_3/pe_15/pre_pixel_cal_reg_7_/D
                                5.58           5.56 f        -0.02  (VIOLATED)
   ME266/CORE/sad_14/pe_36/pre_pixel_cal_reg_7_/D
                                5.54           5.52 f        -0.02  (VIOLATED)
   ME266/CORE/sad_15/pe_42/pre_pixel_cal_reg_3_/D
                                5.54           5.52 f        -0.02  (VIOLATED)
   ME266/CORE/sad_15/pe_42/pre_pixel_cal_reg_5_/D
                                5.54           5.52 f        -0.02  (VIOLATED)
   ME266/CORE/sad_15/pe_42/pre_pixel_cal_reg_2_/D
                                5.54           5.52 f        -0.02  (VIOLATED)
   ME266/CORE/sad_13/pe_72/pre_pixel_cal_reg_0_/D
                                5.61           5.59 f        -0.02  (VIOLATED)
   ME266/CORE/sad_3/pe_24/crt_pixel_cal_reg_5_/D
                                5.54           5.52 f        -0.02  (VIOLATED)
   ME266/CORE/sad_14/pe_36/pre_pixel_cal_reg_4_/D
                                5.54           5.52 f        -0.02  (VIOLATED)
   ME266/CORE/sad_5/pe_32/pre_pixel_cal_reg_7_/D
                                5.53           5.51 f        -0.02  (VIOLATED)
   ME266/CORE/sad_7/pe_26/crt_pixel_cal_reg_2_/D
                                5.48           5.46 f        -0.02  (VIOLATED)
   ME266/CORE/sad_15/pe_33/crt_pixel_cal_reg_6_/D
                                5.48           5.46 f        -0.02  (VIOLATED)
   ME266/CORE/sad_3/pe_42/pre_pixel_cal_reg_1_/D
                                5.59           5.57 f        -0.02  (VIOLATED)
   ME266/CORE/sad_7/pe_44/pre_pixel_cal_reg_1_/D
                                5.55           5.53 f        -0.02  (VIOLATED)
   ME266/CORE/sad_3/pe_33/pre_pixel_cal_reg_5_/D
                                5.59           5.57 f        -0.02  (VIOLATED)
   ME266/CORE/sad_8/pe_41/pre_pixel_cal_reg_3_/D
                                5.49           5.48 f        -0.02  (VIOLATED)
   ME266/CORE/sad_10/pe_45/pre_pixel_cal_reg_1_/D
                                5.57           5.55 f        -0.02  (VIOLATED)
   ME266/CORE/sad_14/pe_36/pre_pixel_cal_reg_5_/D
                                5.54           5.52 f        -0.02  (VIOLATED)
   ME266/CORE/sad_8/pe_41/pre_pixel_cal_reg_2_/D
                                5.49           5.48 f        -0.02  (VIOLATED)
   ME266/CORE/sad_5/pe_32/pre_pixel_cal_reg_6_/D
                                5.53           5.51 f        -0.02  (VIOLATED)
   ME266/CORE/sad_7/pe_26/crt_pixel_cal_reg_3_/D
                                5.48           5.47 f        -0.02  (VIOLATED)
   ME266/CORE/sad_7/pe_26/pre_pixel_cal_reg_7_/D
                                5.54           5.52 f        -0.02  (VIOLATED)
   ME266/CORE/sad_0/pe_44/pre_pixel_cal_reg_4_/D
                                5.60           5.58 f        -0.02  (VIOLATED)
   ME266/CORE/sad_15/pe_41/crt_pixel_cal_reg_4_/D
                                5.48           5.47 f        -0.02  (VIOLATED)
   ME266/CORE/sad_3/pe_33/pre_pixel_cal_reg_6_/D
                                5.62           5.60 f        -0.02  (VIOLATED)
   ME266/CORE/sad_1/pe_40/pre_pixel_cal_reg_1_/D
                                5.50           5.48 f        -0.02  (VIOLATED)
   ME266/CORE/sad_8/pe_41/pre_pixel_cal_reg_5_/D
                                5.49           5.48 f        -0.02  (VIOLATED)
   ME266/CORE/sad_10/pe_34/pre_pixel_cal_reg_3_/D
                                5.58           5.56 f        -0.02  (VIOLATED)
   ME266/CORE/sad_15/pe_41/crt_pixel_cal_reg_6_/D
                                5.48           5.47 f        -0.02  (VIOLATED)
   ME266/CORE/sad_14/pe_47/pre_pixel_cal_reg_4_/D
                                5.54           5.52 f        -0.02  (VIOLATED)
   ME266/CORE/sad_15/pe_42/pre_pixel_cal_reg_1_/D
                                5.54           5.53 f        -0.02  (VIOLATED)
   ME266/CORE/sad_8/pe_53/crt_pixel_cal_reg_0_/D
                                5.62           5.60 f        -0.02  (VIOLATED)
   ME266/CORE/sad_10/pe_34/pre_pixel_cal_reg_4_/D
                                5.58           5.56 f        -0.02  (VIOLATED)
   ME266/CORE/sad_0/pe_44/pre_pixel_cal_reg_3_/D
                                5.60           5.58 f        -0.02  (VIOLATED)
   ME266/CUR/dua/WEA            5.72           5.71 f        -0.02  (VIOLATED)
   ME266/CORE/sad_5/pe_44/pre_pixel_cal_reg_0_/D
                                5.50           5.49 f        -0.02  (VIOLATED)
   ME266/CORE/sad_5/pe_44/pre_pixel_cal_reg_1_/D
                                5.50           5.49 f        -0.02  (VIOLATED)
   ME266/CORE/sad_14/pe_36/pre_pixel_cal_reg_6_/D
                                5.54           5.52 f        -0.02  (VIOLATED)
   ME266/CORE/sad_15/pe_33/crt_pixel_cal_reg_5_/D
                                5.48           5.46 f        -0.01  (VIOLATED)
   ME266/CORE/sad_5/pe_57/pre_pixel_cal_reg_2_/D
                                5.54           5.52 f        -0.01  (VIOLATED)
   ME266/CORE/sad_5/pe_57/pre_pixel_cal_reg_3_/D
                                5.54           5.52 f        -0.01  (VIOLATED)
   ME266/CORE/sad_10/pe_45/pre_pixel_cal_reg_2_/D
                                5.57           5.56 f        -0.01  (VIOLATED)
   ME266/CORE/sad_4/pe_75/pre_pixel_cal_reg_0_/D
                                5.57           5.55 f        -0.01  (VIOLATED)
   ME266/CORE/sad_11/pe_30/crt_pixel_cal_reg_0_/D
                                5.48           5.47 f        -0.01  (VIOLATED)
   ME266/PRE/sram0/ADRB[1]      5.63           5.62 f        -0.01  (VIOLATED)
   ME266/CORE/sad_3/pe_24/crt_pixel_cal_reg_2_/D
                                5.54           5.53 f        -0.01  (VIOLATED)
   ME266/CORE/sad_7/pe_65/pre_pixel_cal_reg_0_/D
                                5.57           5.55 f        -0.01  (VIOLATED)
   ME266/CORE/sad_11/pe_30/crt_pixel_cal_reg_1_/D
                                5.48           5.47 f        -0.01  (VIOLATED)
   ME266/CORE/sad_3/pe_42/pre_pixel_cal_reg_4_/D
                                5.59           5.58 f        -0.01  (VIOLATED)
   ME266/CORE/sad_5/pe_33/pre_pixel_cal_reg_2_/D
                                5.55           5.54 f        -0.01  (VIOLATED)
   ME266/CORE/sad_10/pe_34/pre_pixel_cal_reg_1_/D
                                5.58           5.56 f        -0.01  (VIOLATED)
   ME266/CORE/sad_13/pe_26/pre_pixel_cal_reg_3_/D
                                5.54           5.53 f        -0.01  (VIOLATED)
   ME266/CORE/sad_13/pe_26/pre_pixel_cal_reg_6_/D
                                5.54           5.53 f        -0.01  (VIOLATED)
   ME266/CORE/sad_13/pe_26/pre_pixel_cal_reg_5_/D
                                5.54           5.53 f        -0.01  (VIOLATED)
   ME266/CORE/sad_6/pe_44/crt_pixel_cal_reg_5_/D
                                5.60           5.58 f        -0.01  (VIOLATED)
   ME266/CORE/sad_6/pe_44/crt_pixel_cal_reg_6_/D
                                5.60           5.59 f        -0.01  (VIOLATED)
   ME266/CORE/sad_6/pe_44/crt_pixel_cal_reg_7_/D
                                5.60           5.59 f        -0.01  (VIOLATED)
   ME266/CORE/sad_13/pe_26/pre_pixel_cal_reg_7_/D
                                5.54           5.53 f        -0.01  (VIOLATED)
   ME266/CORE/sad_0/pe_44/pre_pixel_cal_reg_6_/D
                                5.60           5.59 f        -0.01  (VIOLATED)
   ME266/CORE/sad_10/pe_34/pre_pixel_cal_reg_5_/D
                                5.58           5.56 f        -0.01  (VIOLATED)
   ME266/CORE/sad_14/pe_64/pre_pixel_cal_reg_6_/D
                                5.54           5.53 f        -0.01  (VIOLATED)
   ME266/CORE/sad_14/pe_25/pre_pixel_cal_reg_6_/D
                                5.53           5.52 f        -0.01  (VIOLATED)
   ME266/CORE/sad_15/pe_56/pre_pixel_cal_reg_4_/D
                                5.52           5.51 f        -0.01  (VIOLATED)
   ME266/CORE/sad_10/pe_30/pre_pixel_cal_reg_3_/D
                                5.57           5.56 f        -0.01  (VIOLATED)
   ME266/CORE/sad_3/pe_22/pre_pixel_cal_reg_4_/D
                                5.60           5.59 f        -0.01  (VIOLATED)
   ME266/CORE/sad_2/pe_50/pre_pixel_cal_reg_4_/D
                                5.56           5.55 f        -0.01  (VIOLATED)
   ME266/CORE/sad_15/pe_41/pre_pixel_cal_reg_4_/D
                                5.55           5.54 f        -0.01  (VIOLATED)
   ME266/CORE/sad_3/pe_42/pre_pixel_cal_reg_0_/D
                                5.59           5.58 f        -0.01  (VIOLATED)
   ME266/CORE/sad_12/pe_24/pre_pixel_cal_reg_5_/D
                                5.63           5.61 f        -0.01  (VIOLATED)
   ME266/CORE/sad_8/pe_23/pre_pixel_cal_reg_7_/D
                                5.49           5.48 f        -0.01  (VIOLATED)
   ME266/CORE/sad_8/pe_41/pre_pixel_cal_reg_0_/D
                                5.49           5.48 f        -0.01  (VIOLATED)
   ME266/CORE/sad_10/pe_34/pre_pixel_cal_reg_2_/D
                                5.58           5.57 f        -0.01  (VIOLATED)
   ME266/CORE/sad_13/pe_26/pre_pixel_cal_reg_4_/D
                                5.54           5.53 f        -0.01  (VIOLATED)
   ME266/CORE/sad_10/pe_30/pre_pixel_cal_reg_2_/D
                                5.57           5.56 f        -0.01  (VIOLATED)
   ME266/CORE/sad_5/pe_44/pre_pixel_cal_reg_2_/D
                                5.50           5.49 f        -0.01  (VIOLATED)
   ME266/CORE/sad_5/pe_50/pre_pixel_cal_reg_4_/D
                                5.51           5.50 f        -0.01  (VIOLATED)
   ME266/CORE/sad_4/pe_75/pre_pixel_cal_reg_2_/D
                                5.56           5.55 f        -0.01  (VIOLATED)
   ME266/CORE/sad_3/pe_22/pre_pixel_cal_reg_6_/D
                                5.60           5.59 f        -0.01  (VIOLATED)
   ME266/CORE/sad_11/pe_40/crt_pixel_cal_reg_7_/D
                                5.47           5.46 f        -0.01  (VIOLATED)
   ME266/CORE/sad_11/pe_30/crt_pixel_cal_reg_3_/D
                                5.48           5.47 f        -0.01  (VIOLATED)
   ME266/CORE/sad_8/pe_26/crt_pixel_cal_reg_1_/D
                                5.46           5.45 f        -0.01  (VIOLATED)
   ME266/CORE/sad_4/pe_26/pre_pixel_cal_reg_7_/D
                                5.58           5.57 f        -0.01  (VIOLATED)
   ME266/CORE/sad_15/pe_41/pre_pixel_cal_reg_5_/D
                                5.55           5.54 f        -0.01  (VIOLATED)
   ME266/CORE/sad_14/pe_36/crt_pixel_cal_reg_1_/D
                                5.52           5.51 f        -0.01  (VIOLATED)
   ME266/CORE/sad_12/pe_24/pre_pixel_cal_reg_4_/D
                                5.62           5.61 f        -0.01  (VIOLATED)
   ME266/CORE/sad_0/pe_65/pre_pixel_cal_reg_3_/D
                                5.57           5.56 f        -0.01  (VIOLATED)
   ME266/CORE/sad_8/pe_22/pre_pixel_cal_reg_0_/D
                                5.45           5.45 f        -0.01  (VIOLATED)
   ME266/CORE/sad_0/pe_65/pre_pixel_cal_reg_4_/D
                                5.57           5.56 f        -0.01  (VIOLATED)
   ME266/CORE/sad_7/pe_55/pre_pixel_cal_reg_6_/D
                                5.57           5.56 f        -0.01  (VIOLATED)
   ME266/CORE/sad_11/pe_34/pre_pixel_cal_reg_1_/D
                                5.62           5.61 f        -0.01  (VIOLATED)
   ME266/CORE/sad_15/pe_41/pre_pixel_cal_reg_6_/D
                                5.55           5.54 f        -0.01  (VIOLATED)
   ME266/CORE/sad_3/pe_24/crt_pixel_cal_reg_0_/D
                                5.54           5.53 f        -0.01  (VIOLATED)
   ME266/CORE/sad_5/pe_54/pre_pixel_cal_reg_3_/D
                                5.50           5.49 f        -0.01  (VIOLATED)
   ME266/CORE/sad_10/pe_45/pre_pixel_cal_reg_0_/D
                                5.57           5.56 f        -0.01  (VIOLATED)
   ME266/CORE/sad_13/pe_22/pre_pixel_cal_reg_6_/D
                                5.54           5.53 f        -0.01  (VIOLATED)
   ME266/CORE/sad_12/pe_26/pre_pixel_cal_reg_4_/D
                                5.62           5.61 f        -0.01  (VIOLATED)
   ME266/CORE/sad_3/pe_42/pre_pixel_cal_reg_3_/D
                                5.59           5.58 f        -0.01  (VIOLATED)
   ME266/CORE/sad_11/pe_30/crt_pixel_cal_reg_2_/D
                                5.48           5.47 f        -0.01  (VIOLATED)
   ME266/CORE/sad_13/pe_22/pre_pixel_cal_reg_4_/D
                                5.54           5.53 f        -0.01  (VIOLATED)
   ME266/CORE/sad_11/pe_52/pre_pixel_cal_reg_4_/D
                                5.52           5.51 f        -0.01  (VIOLATED)
   ME266/CORE/sad_1/pe_61/crt_pixel_cal_reg_0_/D
                                5.47           5.47 f        -0.01  (VIOLATED)
   ME266/CORE/sad_1/pe_40/pre_pixel_cal_reg_4_/D
                                5.51           5.50 f        -0.01  (VIOLATED)
   ME266/CORE/sad_8/pe_43/crt_pixel_cal_reg_5_/D
                                5.61           5.60 f        -0.01  (VIOLATED)
   ME266/CORE/sad_14/pe_64/pre_pixel_cal_reg_5_/D
                                5.54           5.53 f        -0.01  (VIOLATED)
   ME266/CORE/sad_0/pe_44/pre_pixel_cal_reg_1_/D
                                5.60           5.59 f        -0.01  (VIOLATED)
   ME266/CORE/sad_15/pe_41/crt_pixel_cal_reg_1_/D
                                5.46           5.45 f        -0.01  (VIOLATED)
   ME266/CORE/sad_3/pe_22/pre_pixel_cal_reg_5_/D
                                5.60           5.60 f        -0.01  (VIOLATED)
   ME266/CORE/sad_10/pe_35/pre_pixel_cal_reg_3_/D
                                5.56           5.56 f        -0.01  (VIOLATED)
   ME266/CORE/sad_5/pe_36/pre_pixel_cal_reg_2_/D
                                5.41           5.40 f        -0.01  (VIOLATED)
   ME266/CORE/sad_3/pe_22/pre_pixel_cal_reg_3_/D
                                5.60           5.60 f         0.00  (VIOLATED: increase significant digits)
   ME266/CORE/sad_8/pe_17/pre_pixel_cal_reg_1_/D
                                5.60           5.59 f         0.00  (VIOLATED: increase significant digits)
   ME266/CORE/sad_5/pe_36/pre_pixel_cal_reg_1_/D
                                5.41           5.40 f         0.00  (VIOLATED: increase significant digits)
   ME266/CORE/sad_3/pe_42/pre_pixel_cal_reg_2_/D
                                5.59           5.59 f         0.00  (VIOLATED: increase significant digits)
   ME266/CORE/sad_14/pe_25/pre_pixel_cal_reg_7_/D
                                5.53           5.53 f         0.00  (VIOLATED: increase significant digits)
   ME266/CORE/sad_13/pe_47/pre_pixel_cal_reg_0_/D
                                5.57           5.57 f         0.00  (VIOLATED: increase significant digits)
   ME266/CORE/sad_0/pe_76/crt_pixel_cal_reg_1_/D
                                5.53           5.53 f         0.00  (VIOLATED: increase significant digits)
   ME266/CORE/sad_12/pe_24/pre_pixel_cal_reg_7_/D
                                5.62           5.62 f         0.00  (VIOLATED: increase significant digits)
   ME266/CORE/sad_13/pe_47/pre_pixel_cal_reg_7_/D
                                5.58           5.58 f         0.00  (VIOLATED: increase significant digits)
   ME266/CORE/sad_5/pe_32/crt_pixel_cal_reg_1_/D
                                5.49           5.48 f         0.00  (VIOLATED: increase significant digits)
   ME266/CORE/sad_14/pe_25/pre_pixel_cal_reg_5_/D
                                5.53           5.53 f         0.00  (VIOLATED: increase significant digits)
   ME266/CORE/sad_0/pe_65/pre_pixel_cal_reg_1_/D
                                5.57           5.56 f         0.00  (VIOLATED: increase significant digits)
   ME266/CORE/sad_0/pe_65/pre_pixel_cal_reg_0_/D
                                5.57           5.56 f         0.00  (VIOLATED: increase significant digits)
   ME266/CORE/sad_1/pe_67/crt_pixel_cal_reg_7_/D
                                5.51           5.51 f         0.00  (VIOLATED: increase significant digits)
   ME266/CORE/sad_0/pe_44/pre_pixel_cal_reg_2_/D
                                5.60           5.59 f         0.00  (VIOLATED: increase significant digits)
   ME266/CORE/sad_6/pe_44/pre_pixel_cal_reg_0_/D
                                5.61           5.61 f         0.00  (VIOLATED: increase significant digits)
   ME266/CORE/sad_0/pe_65/pre_pixel_cal_reg_2_/D
                                5.57           5.56 f         0.00  (VIOLATED: increase significant digits)
   ME266/CORE/sad_5/pe_11/pre_pixel_cal_reg_6_/D
                                5.46           5.45 f         0.00  (VIOLATED: increase significant digits)
   ME266/CORE/sad_14/pe_36/crt_pixel_cal_reg_2_/D
                                5.52           5.52 f         0.00  (VIOLATED: increase significant digits)
   ME266/CORE/sad_12/pe_24/pre_pixel_cal_reg_6_/D
                                5.62           5.62 f         0.00  (VIOLATED: increase significant digits)
   ME266/CORE/sad_14/pe_36/crt_pixel_cal_reg_7_/D
                                5.52           5.52 f         0.00  (VIOLATED: increase significant digits)
   ME266/CORE/sad_0/pe_00/pre_pixel_cal_reg_7_/D
                                5.56           5.56 f         0.00  (VIOLATED: increase significant digits)
   ME266/CORE/sad_8/pe_41/pre_pixel_cal_reg_1_/D
                                5.49           5.49 f         0.00  (VIOLATED: increase significant digits)
   ME266/CORE/sad_5/pe_33/pre_pixel_cal_reg_1_/D
                                5.55           5.55 f         0.00  (VIOLATED: increase significant digits)
   ME266/CORE/sad_3/pe_33/pre_pixel_cal_reg_7_/D
                                5.62           5.62 f         0.00  (VIOLATED: increase significant digits)
   ME266/CORE/sad_14/pe_47/pre_pixel_cal_reg_5_/D
                                5.54           5.53 f         0.00  (VIOLATED: increase significant digits)
   ME266/CORE/sad_15/pe_20/pre_pixel_cal_reg_1_/D
                                5.46           5.46 f         0.00  (VIOLATED: increase significant digits)
   ME266/CORE/sad_5/pe_61/pre_pixel_cal_reg_5_/D
                                5.55           5.55 f         0.00  (VIOLATED: increase significant digits)
   ME266/PRE/sram0/ADRB[0]      5.63           5.63 f         0.00  (VIOLATED: increase significant digits)
   ME266/CORE/sad_5/pe_20/pre_pixel_cal_reg_0_/D
                                5.50           5.50 f         0.00  (VIOLATED: increase significant digits)
   ME266/CORE/sad_13/pe_22/pre_pixel_cal_reg_7_/D
                                5.54           5.54 f         0.00  (VIOLATED: increase significant digits)
   ME266/CUR/dua/ADRA[3]        5.76           5.76 f         0.00  (VIOLATED: increase significant digits)
   ME266/CORE/sad_3/pe_33/pre_pixel_cal_reg_0_/D
                                5.62           5.62 f         0.00  (VIOLATED: increase significant digits)
   ME266/CORE/sad_1/pe_40/pre_pixel_cal_reg_7_/D
                                5.51           5.50 f         0.00  (VIOLATED: increase significant digits)
   ME266/CORE/sad_10/pe_40/pre_pixel_cal_reg_5_/D
                                5.57           5.57 f         0.00  (VIOLATED: increase significant digits)
   ME266/CORE/sad_5/pe_11/pre_pixel_cal_reg_7_/D
                                5.46           5.46 f         0.00  (VIOLATED: increase significant digits)
   ME266/CORE/sad_13/pe_62/pre_pixel_cal_reg_1_/D
                                5.60           5.60 f         0.00  (VIOLATED: increase significant digits)
   ME266/CORE/sad_7/pe_55/pre_pixel_cal_reg_7_/D
                                5.56           5.56 f         0.00  (VIOLATED: increase significant digits)


   max_capacitance

                             Required        Actual
   Net                      Capacitance    Capacitance       Slack
   -----------------------------------------------------------------
   n1079                        0.15           0.15           0.00  (VIOLATED: increase significant digits)

   -----------------------------------------------------------------
   Total                      1                  -0.00  

   min_capacitance

                             Required        Actual
   Net                      Capacitance    Capacitance       Slack
   -----------------------------------------------------------------
   clk (dont_touch)             6.43           1.43          -5.00  (VIOLATED)
   cur_in[0]                    6.43           1.43          -5.00  (VIOLATED)
   cur_in[1]                    6.43           1.43          -5.00  (VIOLATED)
   cur_in[2]                    6.43           1.43          -5.00  (VIOLATED)
   cur_in[3]                    6.43           1.43          -5.00  (VIOLATED)
   cur_in[4]                    6.43           1.43          -5.00  (VIOLATED)
   cur_in[5]                    6.43           1.43          -5.00  (VIOLATED)
   cur_in[6]                    6.43           1.43          -5.00  (VIOLATED)
   cur_in[7]                    6.43           1.43          -5.00  (VIOLATED)
   cur_in[8]                    6.43           1.43          -5.00  (VIOLATED)
   cur_in[9]                    6.43           1.43          -5.00  (VIOLATED)
   cur_in[10]                   6.43           1.43          -5.00  (VIOLATED)
   cur_in[11]                   6.43           1.43          -5.00  (VIOLATED)
   cur_in[12]                   6.43           1.43          -5.00  (VIOLATED)
   cur_in[13]                   6.43           1.43          -5.00  (VIOLATED)
   cur_in[14]                   6.43           1.43          -5.00  (VIOLATED)
   cur_in[15]                   6.43           1.43          -5.00  (VIOLATED)
   cur_in[16]                   6.43           1.43          -5.00  (VIOLATED)
   cur_in[17]                   6.43           1.43          -5.00  (VIOLATED)
   cur_in[18]                   6.43           1.43          -5.00  (VIOLATED)
   cur_in[19]                   6.43           1.43          -5.00  (VIOLATED)
   cur_in[20]                   6.43           1.43          -5.00  (VIOLATED)
   cur_in[21]                   6.43           1.43          -5.00  (VIOLATED)
   cur_in[22]                   6.43           1.43          -5.00  (VIOLATED)
   cur_in[23]                   6.43           1.43          -5.00  (VIOLATED)
   cur_in[24]                   6.43           1.43          -5.00  (VIOLATED)
   cur_in[25]                   6.43           1.43          -5.00  (VIOLATED)
   cur_in[26]                   6.43           1.43          -5.00  (VIOLATED)
   cur_in[27]                   6.43           1.43          -5.00  (VIOLATED)
   cur_in[28]                   6.43           1.43          -5.00  (VIOLATED)
   cur_in[29]                   6.43           1.43          -5.00  (VIOLATED)
   cur_in[30]                   6.43           1.43          -5.00  (VIOLATED)
   cur_in[31]                   6.43           1.43          -5.00  (VIOLATED)
   ref_in[0]                    6.43           1.43          -5.00  (VIOLATED)
   ref_in[1]                    6.43           1.43          -5.00  (VIOLATED)
   ref_in[2]                    6.43           1.43          -5.00  (VIOLATED)
   ref_in[3]                    6.43           1.43          -5.00  (VIOLATED)
   ref_in[4]                    6.43           1.43          -5.00  (VIOLATED)
   ref_in[5]                    6.43           1.43          -5.00  (VIOLATED)
   ref_in[6]                    6.43           1.43          -5.00  (VIOLATED)
   ref_in[7]                    6.43           1.43          -5.00  (VIOLATED)
   ref_in[8]                    6.43           1.43          -5.00  (VIOLATED)
   ref_in[9]                    6.43           1.43          -5.00  (VIOLATED)
   ref_in[10]                   6.43           1.43          -5.00  (VIOLATED)
   ref_in[11]                   6.43           1.43          -5.00  (VIOLATED)
   ref_in[12]                   6.43           1.43          -5.00  (VIOLATED)
   ref_in[13]                   6.43           1.43          -5.00  (VIOLATED)
   ref_in[14]                   6.43           1.43          -5.00  (VIOLATED)
   ref_in[15]                   6.43           1.43          -5.00  (VIOLATED)
   ref_in[16]                   6.43           1.43          -5.00  (VIOLATED)
   ref_in[17]                   6.43           1.43          -5.00  (VIOLATED)
   ref_in[18]                   6.43           1.43          -5.00  (VIOLATED)
   ref_in[19]                   6.43           1.43          -5.00  (VIOLATED)
   ref_in[20]                   6.43           1.43          -5.00  (VIOLATED)
   ref_in[21]                   6.43           1.43          -5.00  (VIOLATED)
   ref_in[22]                   6.43           1.43          -5.00  (VIOLATED)
   ref_in[23]                   6.43           1.43          -5.00  (VIOLATED)
   ref_in[24]                   6.43           1.43          -5.00  (VIOLATED)
   ref_in[25]                   6.43           1.43          -5.00  (VIOLATED)
   ref_in[26]                   6.43           1.43          -5.00  (VIOLATED)
   ref_in[27]                   6.43           1.43          -5.00  (VIOLATED)
   ref_in[28]                   6.43           1.43          -5.00  (VIOLATED)
   ref_in[29]                   6.43           1.43          -5.00  (VIOLATED)
   ref_in[30]                   6.43           1.43          -5.00  (VIOLATED)
   ref_in[31]                   6.43           1.43          -5.00  (VIOLATED)
   ref_in[32]                   6.43           1.43          -5.00  (VIOLATED)
   ref_in[33]                   6.43           1.43          -5.00  (VIOLATED)
   ref_in[34]                   6.43           1.43          -5.00  (VIOLATED)
   ref_in[35]                   6.43           1.43          -5.00  (VIOLATED)
   ref_in[36]                   6.43           1.43          -5.00  (VIOLATED)
   ref_in[37]                   6.43           1.43          -5.00  (VIOLATED)
   ref_in[38]                   6.43           1.43          -5.00  (VIOLATED)
   ref_in[39]                   6.43           1.43          -5.00  (VIOLATED)
   ref_in[40]                   6.43           1.43          -5.00  (VIOLATED)
   ref_in[41]                   6.43           1.43          -5.00  (VIOLATED)
   ref_in[42]                   6.43           1.43          -5.00  (VIOLATED)
   ref_in[43]                   6.43           1.43          -5.00  (VIOLATED)
   ref_in[44]                   6.43           1.43          -5.00  (VIOLATED)
   ref_in[45]                   6.43           1.43          -5.00  (VIOLATED)
   ref_in[46]                   6.43           1.43          -5.00  (VIOLATED)
   ref_in[47]                   6.43           1.43          -5.00  (VIOLATED)
   ref_in[48]                   6.43           1.43          -5.00  (VIOLATED)
   ref_in[49]                   6.43           1.43          -5.00  (VIOLATED)
   ref_in[50]                   6.43           1.43          -5.00  (VIOLATED)
   ref_in[51]                   6.43           1.43          -5.00  (VIOLATED)
   ref_in[52]                   6.43           1.43          -5.00  (VIOLATED)
   ref_in[53]                   6.43           1.43          -5.00  (VIOLATED)
   ref_in[54]                   6.43           1.43          -5.00  (VIOLATED)
   ref_in[55]                   6.43           1.43          -5.00  (VIOLATED)
   ref_in[56]                   6.43           1.43          -5.00  (VIOLATED)
   ref_in[57]                   6.43           1.43          -5.00  (VIOLATED)
   ref_in[58]                   6.43           1.43          -5.00  (VIOLATED)
   ref_in[59]                   6.43           1.43          -5.00  (VIOLATED)
   ref_in[60]                   6.43           1.43          -5.00  (VIOLATED)
   ref_in[61]                   6.43           1.43          -5.00  (VIOLATED)
   ref_in[62]                   6.43           1.43          -5.00  (VIOLATED)
   ref_in[63]                   6.43           1.43          -5.00  (VIOLATED)
   rst                          6.43           1.43          -5.00  (VIOLATED)
   cur_read                     6.43           2.85          -3.57  (VIOLATED)
   ref_read                     6.43           2.85          -3.57  (VIOLATED)
   sad_out                      6.43           2.85          -3.57  (VIOLATED)
   sign_sad                     6.43           2.85          -3.57  (VIOLATED)
   y_out                        6.43           2.85          -3.57  (VIOLATED)
   x_out (dont_touch)           6.43           2.87          -3.56  (VIOLATED)

   -----------------------------------------------------------------
   Total                      104              -511.42  

   max_area

                             Required        Actual
   Design                      Area           Area           Slack
   -----------------------------------------------------------------
   me266_chip                   0.00       917266.75      -917266.75
                                                                    (VIOLATED)


1
