 
****************************************
Report : timing
        -path full
        -delay max
        -max_paths 1
Design : me266_chip
Version: O-2018.06-SP1
Date   : Tue Mar 29 10:40:56 2022
****************************************

 # A fanout number of 1000 was used for high fanout net computations.

Operating Conditions: TT1P0V25C   Library: hu55npkldut_tt1p0v25c
Wire Load Model Mode: segmented

  Startpoint: ME266/CORE/sad_8/sad_data_reg_1_
              (rising edge-triggered flip-flop clocked by clk)
  Endpoint: ME266/CORE/sad_min_reg_5_
            (rising edge-triggered flip-flop clocked by clk)
  Path Group: clk
  Path Type: max

  Des/Clust/Port     Wire Load Model       Library
  ------------------------------------------------
  pe_1022            ZeroWLM               hu55npkldut_tt1p0v25c
  pe_1021            ZeroWLM               hu55npkldut_tt1p0v25c
  pe_1020            ZeroWLM               hu55npkldut_tt1p0v25c
  pe_1019            ZeroWLM               hu55npkldut_tt1p0v25c
  pe_1018            ZeroWLM               hu55npkldut_tt1p0v25c
  pe_1017            ZeroWLM               hu55npkldut_tt1p0v25c
  pe_1016            ZeroWLM               hu55npkldut_tt1p0v25c
  pe_1015            ZeroWLM               hu55npkldut_tt1p0v25c
  pe_1014            ZeroWLM               hu55npkldut_tt1p0v25c
  pe_1013            ZeroWLM               hu55npkldut_tt1p0v25c
  pe_1012            ZeroWLM               hu55npkldut_tt1p0v25c
  pe_1011            ZeroWLM               hu55npkldut_tt1p0v25c
  pe_1010            ZeroWLM               hu55npkldut_tt1p0v25c
  pe_1009            ZeroWLM               hu55npkldut_tt1p0v25c
  pe_1008            ZeroWLM               hu55npkldut_tt1p0v25c
  pe_1007            ZeroWLM               hu55npkldut_tt1p0v25c
  pe_1006            ZeroWLM               hu55npkldut_tt1p0v25c
  pe_1005            ZeroWLM               hu55npkldut_tt1p0v25c
  pe_1004            ZeroWLM               hu55npkldut_tt1p0v25c
  pe_1003            ZeroWLM               hu55npkldut_tt1p0v25c
  pe_1002            ZeroWLM               hu55npkldut_tt1p0v25c
  pe_1001            ZeroWLM               hu55npkldut_tt1p0v25c
  pe_1000            ZeroWLM               hu55npkldut_tt1p0v25c
  pe_999             ZeroWLM               hu55npkldut_tt1p0v25c
  pe_998             ZeroWLM               hu55npkldut_tt1p0v25c
  pe_997             ZeroWLM               hu55npkldut_tt1p0v25c
  pe_996             ZeroWLM               hu55npkldut_tt1p0v25c
  pe_995             ZeroWLM               hu55npkldut_tt1p0v25c
  pe_994             ZeroWLM               hu55npkldut_tt1p0v25c
  pe_993             ZeroWLM               hu55npkldut_tt1p0v25c
  pe_992             ZeroWLM               hu55npkldut_tt1p0v25c
  pe_991             ZeroWLM               hu55npkldut_tt1p0v25c
  pe_990             ZeroWLM               hu55npkldut_tt1p0v25c
  pe_989             ZeroWLM               hu55npkldut_tt1p0v25c
  pe_988             ZeroWLM               hu55npkldut_tt1p0v25c
  pe_987             ZeroWLM               hu55npkldut_tt1p0v25c
  pe_986             ZeroWLM               hu55npkldut_tt1p0v25c
  pe_985             ZeroWLM               hu55npkldut_tt1p0v25c
  pe_984             ZeroWLM               hu55npkldut_tt1p0v25c
  pe_983             ZeroWLM               hu55npkldut_tt1p0v25c
  pe_982             ZeroWLM               hu55npkldut_tt1p0v25c
  pe_981             ZeroWLM               hu55npkldut_tt1p0v25c
  pe_980             ZeroWLM               hu55npkldut_tt1p0v25c
  pe_979             ZeroWLM               hu55npkldut_tt1p0v25c
  pe_978             ZeroWLM               hu55npkldut_tt1p0v25c
  pe_977             ZeroWLM               hu55npkldut_tt1p0v25c
  pe_976             ZeroWLM               hu55npkldut_tt1p0v25c
  pe_975             ZeroWLM               hu55npkldut_tt1p0v25c
  pe_974             ZeroWLM               hu55npkldut_tt1p0v25c
  pe_973             ZeroWLM               hu55npkldut_tt1p0v25c
  pe_972             ZeroWLM               hu55npkldut_tt1p0v25c
  pe_971             ZeroWLM               hu55npkldut_tt1p0v25c
  pe_970             ZeroWLM               hu55npkldut_tt1p0v25c
  pe_969             ZeroWLM               hu55npkldut_tt1p0v25c
  pe_968             ZeroWLM               hu55npkldut_tt1p0v25c
  pe_967             ZeroWLM               hu55npkldut_tt1p0v25c
  pe_966             ZeroWLM               hu55npkldut_tt1p0v25c
  pe_965             ZeroWLM               hu55npkldut_tt1p0v25c
  pe_964             ZeroWLM               hu55npkldut_tt1p0v25c
  pe_963             ZeroWLM               hu55npkldut_tt1p0v25c
  pe_962             ZeroWLM               hu55npkldut_tt1p0v25c
  pe_961             ZeroWLM               hu55npkldut_tt1p0v25c
  pe_960             ZeroWLM               hu55npkldut_tt1p0v25c
  pe_959             ZeroWLM               hu55npkldut_tt1p0v25c
  pe_958             ZeroWLM               hu55npkldut_tt1p0v25c
  pe_957             ZeroWLM               hu55npkldut_tt1p0v25c
  pe_956             ZeroWLM               hu55npkldut_tt1p0v25c
  pe_955             ZeroWLM               hu55npkldut_tt1p0v25c
  pe_954             ZeroWLM               hu55npkldut_tt1p0v25c
  pe_953             ZeroWLM               hu55npkldut_tt1p0v25c
  pe_952             ZeroWLM               hu55npkldut_tt1p0v25c
  pe_951             ZeroWLM               hu55npkldut_tt1p0v25c
  pe_950             ZeroWLM               hu55npkldut_tt1p0v25c
  pe_949             ZeroWLM               hu55npkldut_tt1p0v25c
  pe_948             ZeroWLM               hu55npkldut_tt1p0v25c
  pe_947             ZeroWLM               hu55npkldut_tt1p0v25c
  pe_946             ZeroWLM               hu55npkldut_tt1p0v25c
  pe_945             ZeroWLM               hu55npkldut_tt1p0v25c
  pe_944             ZeroWLM               hu55npkldut_tt1p0v25c
  pe_943             ZeroWLM               hu55npkldut_tt1p0v25c
  pe_942             ZeroWLM               hu55npkldut_tt1p0v25c
  pe_941             ZeroWLM               hu55npkldut_tt1p0v25c
  pe_940             ZeroWLM               hu55npkldut_tt1p0v25c
  pe_939             ZeroWLM               hu55npkldut_tt1p0v25c
  pe_938             ZeroWLM               hu55npkldut_tt1p0v25c
  pe_937             ZeroWLM               hu55npkldut_tt1p0v25c
  pe_936             ZeroWLM               hu55npkldut_tt1p0v25c
  pe_935             ZeroWLM               hu55npkldut_tt1p0v25c
  pe_934             ZeroWLM               hu55npkldut_tt1p0v25c
  pe_933             ZeroWLM               hu55npkldut_tt1p0v25c
  pe_932             ZeroWLM               hu55npkldut_tt1p0v25c
  pe_931             ZeroWLM               hu55npkldut_tt1p0v25c
  pe_930             ZeroWLM               hu55npkldut_tt1p0v25c
  pe_929             ZeroWLM               hu55npkldut_tt1p0v25c
  pe_928             ZeroWLM               hu55npkldut_tt1p0v25c
  pe_927             ZeroWLM               hu55npkldut_tt1p0v25c
  pe_926             ZeroWLM               hu55npkldut_tt1p0v25c
  pe_925             ZeroWLM               hu55npkldut_tt1p0v25c
  pe_924             ZeroWLM               hu55npkldut_tt1p0v25c
  pe_923             ZeroWLM               hu55npkldut_tt1p0v25c
  pe_922             ZeroWLM               hu55npkldut_tt1p0v25c
  pe_921             ZeroWLM               hu55npkldut_tt1p0v25c
  pe_920             ZeroWLM               hu55npkldut_tt1p0v25c
  pe_919             ZeroWLM               hu55npkldut_tt1p0v25c
  pe_918             ZeroWLM               hu55npkldut_tt1p0v25c
  pe_917             ZeroWLM               hu55npkldut_tt1p0v25c
  pe_916             ZeroWLM               hu55npkldut_tt1p0v25c
  pe_915             ZeroWLM               hu55npkldut_tt1p0v25c
  pe_914             ZeroWLM               hu55npkldut_tt1p0v25c
  pe_913             ZeroWLM               hu55npkldut_tt1p0v25c
  pe_912             ZeroWLM               hu55npkldut_tt1p0v25c
  pe_911             ZeroWLM               hu55npkldut_tt1p0v25c
  pe_910             ZeroWLM               hu55npkldut_tt1p0v25c
  pe_909             ZeroWLM               hu55npkldut_tt1p0v25c
  pe_908             ZeroWLM               hu55npkldut_tt1p0v25c
  pe_907             ZeroWLM               hu55npkldut_tt1p0v25c
  pe_906             ZeroWLM               hu55npkldut_tt1p0v25c
  pe_905             ZeroWLM               hu55npkldut_tt1p0v25c
  pe_904             ZeroWLM               hu55npkldut_tt1p0v25c
  pe_903             ZeroWLM               hu55npkldut_tt1p0v25c
  pe_902             ZeroWLM               hu55npkldut_tt1p0v25c
  pe_901             ZeroWLM               hu55npkldut_tt1p0v25c
  pe_900             ZeroWLM               hu55npkldut_tt1p0v25c
  pe_899             ZeroWLM               hu55npkldut_tt1p0v25c
  pe_898             ZeroWLM               hu55npkldut_tt1p0v25c
  pe_897             ZeroWLM               hu55npkldut_tt1p0v25c
  pe_896             ZeroWLM               hu55npkldut_tt1p0v25c
  pe_895             ZeroWLM               hu55npkldut_tt1p0v25c
  pe_894             ZeroWLM               hu55npkldut_tt1p0v25c
  pe_893             ZeroWLM               hu55npkldut_tt1p0v25c
  pe_892             ZeroWLM               hu55npkldut_tt1p0v25c
  pe_891             ZeroWLM               hu55npkldut_tt1p0v25c
  pe_890             ZeroWLM               hu55npkldut_tt1p0v25c
  pe_889             ZeroWLM               hu55npkldut_tt1p0v25c
  pe_888             ZeroWLM               hu55npkldut_tt1p0v25c
  pe_887             ZeroWLM               hu55npkldut_tt1p0v25c
  pe_886             ZeroWLM               hu55npkldut_tt1p0v25c
  pe_885             ZeroWLM               hu55npkldut_tt1p0v25c
  pe_884             ZeroWLM               hu55npkldut_tt1p0v25c
  pe_883             ZeroWLM               hu55npkldut_tt1p0v25c
  pe_882             ZeroWLM               hu55npkldut_tt1p0v25c
  pe_881             ZeroWLM               hu55npkldut_tt1p0v25c
  pe_880             ZeroWLM               hu55npkldut_tt1p0v25c
  pe_879             ZeroWLM               hu55npkldut_tt1p0v25c
  pe_878             ZeroWLM               hu55npkldut_tt1p0v25c
  pe_877             ZeroWLM               hu55npkldut_tt1p0v25c
  pe_876             ZeroWLM               hu55npkldut_tt1p0v25c
  pe_875             ZeroWLM               hu55npkldut_tt1p0v25c
  pe_874             ZeroWLM               hu55npkldut_tt1p0v25c
  pe_873             ZeroWLM               hu55npkldut_tt1p0v25c
  pe_872             ZeroWLM               hu55npkldut_tt1p0v25c
  pe_871             ZeroWLM               hu55npkldut_tt1p0v25c
  pe_870             ZeroWLM               hu55npkldut_tt1p0v25c
  pe_869             ZeroWLM               hu55npkldut_tt1p0v25c
  pe_868             ZeroWLM               hu55npkldut_tt1p0v25c
  pe_867             ZeroWLM               hu55npkldut_tt1p0v25c
  pe_866             ZeroWLM               hu55npkldut_tt1p0v25c
  pe_865             ZeroWLM               hu55npkldut_tt1p0v25c
  pe_864             ZeroWLM               hu55npkldut_tt1p0v25c
  pe_863             ZeroWLM               hu55npkldut_tt1p0v25c
  pe_862             ZeroWLM               hu55npkldut_tt1p0v25c
  pe_861             ZeroWLM               hu55npkldut_tt1p0v25c
  pe_860             ZeroWLM               hu55npkldut_tt1p0v25c
  pe_859             ZeroWLM               hu55npkldut_tt1p0v25c
  pe_858             ZeroWLM               hu55npkldut_tt1p0v25c
  pe_857             ZeroWLM               hu55npkldut_tt1p0v25c
  pe_856             ZeroWLM               hu55npkldut_tt1p0v25c
  pe_855             ZeroWLM               hu55npkldut_tt1p0v25c
  pe_854             ZeroWLM               hu55npkldut_tt1p0v25c
  pe_853             ZeroWLM               hu55npkldut_tt1p0v25c
  pe_852             ZeroWLM               hu55npkldut_tt1p0v25c
  pe_851             ZeroWLM               hu55npkldut_tt1p0v25c
  pe_850             ZeroWLM               hu55npkldut_tt1p0v25c
  pe_849             ZeroWLM               hu55npkldut_tt1p0v25c
  pe_848             ZeroWLM               hu55npkldut_tt1p0v25c
  pe_847             ZeroWLM               hu55npkldut_tt1p0v25c
  pe_846             ZeroWLM               hu55npkldut_tt1p0v25c
  pe_845             ZeroWLM               hu55npkldut_tt1p0v25c
  pe_844             ZeroWLM               hu55npkldut_tt1p0v25c
  pe_843             ZeroWLM               hu55npkldut_tt1p0v25c
  pe_842             ZeroWLM               hu55npkldut_tt1p0v25c
  pe_841             ZeroWLM               hu55npkldut_tt1p0v25c
  pe_840             ZeroWLM               hu55npkldut_tt1p0v25c
  pe_839             ZeroWLM               hu55npkldut_tt1p0v25c
  pe_838             ZeroWLM               hu55npkldut_tt1p0v25c
  pe_837             ZeroWLM               hu55npkldut_tt1p0v25c
  pe_836             ZeroWLM               hu55npkldut_tt1p0v25c
  pe_835             ZeroWLM               hu55npkldut_tt1p0v25c
  pe_834             ZeroWLM               hu55npkldut_tt1p0v25c
  pe_833             ZeroWLM               hu55npkldut_tt1p0v25c
  pe_832             ZeroWLM               hu55npkldut_tt1p0v25c
  pe_831             ZeroWLM               hu55npkldut_tt1p0v25c
  pe_830             ZeroWLM               hu55npkldut_tt1p0v25c
  pe_829             ZeroWLM               hu55npkldut_tt1p0v25c
  pe_828             ZeroWLM               hu55npkldut_tt1p0v25c
  pe_827             ZeroWLM               hu55npkldut_tt1p0v25c
  pe_826             ZeroWLM               hu55npkldut_tt1p0v25c
  pe_825             ZeroWLM               hu55npkldut_tt1p0v25c
  pe_824             ZeroWLM               hu55npkldut_tt1p0v25c
  pe_823             ZeroWLM               hu55npkldut_tt1p0v25c
  pe_822             ZeroWLM               hu55npkldut_tt1p0v25c
  pe_821             ZeroWLM               hu55npkldut_tt1p0v25c
  pe_820             ZeroWLM               hu55npkldut_tt1p0v25c
  pe_819             ZeroWLM               hu55npkldut_tt1p0v25c
  pe_818             ZeroWLM               hu55npkldut_tt1p0v25c
  pe_817             ZeroWLM               hu55npkldut_tt1p0v25c
  pe_816             ZeroWLM               hu55npkldut_tt1p0v25c
  pe_815             ZeroWLM               hu55npkldut_tt1p0v25c
  pe_814             ZeroWLM               hu55npkldut_tt1p0v25c
  pe_813             ZeroWLM               hu55npkldut_tt1p0v25c
  pe_812             ZeroWLM               hu55npkldut_tt1p0v25c
  pe_811             ZeroWLM               hu55npkldut_tt1p0v25c
  pe_810             ZeroWLM               hu55npkldut_tt1p0v25c
  pe_809             ZeroWLM               hu55npkldut_tt1p0v25c
  pe_808             ZeroWLM               hu55npkldut_tt1p0v25c
  pe_807             ZeroWLM               hu55npkldut_tt1p0v25c
  pe_806             ZeroWLM               hu55npkldut_tt1p0v25c
  pe_805             ZeroWLM               hu55npkldut_tt1p0v25c
  pe_804             ZeroWLM               hu55npkldut_tt1p0v25c
  pe_803             ZeroWLM               hu55npkldut_tt1p0v25c
  pe_802             ZeroWLM               hu55npkldut_tt1p0v25c
  pe_801             ZeroWLM               hu55npkldut_tt1p0v25c
  pe_800             ZeroWLM               hu55npkldut_tt1p0v25c
  pe_799             ZeroWLM               hu55npkldut_tt1p0v25c
  pe_798             ZeroWLM               hu55npkldut_tt1p0v25c
  pe_797             ZeroWLM               hu55npkldut_tt1p0v25c
  pe_796             ZeroWLM               hu55npkldut_tt1p0v25c
  pe_795             ZeroWLM               hu55npkldut_tt1p0v25c
  pe_794             ZeroWLM               hu55npkldut_tt1p0v25c
  pe_793             ZeroWLM               hu55npkldut_tt1p0v25c
  pe_792             ZeroWLM               hu55npkldut_tt1p0v25c
  pe_791             ZeroWLM               hu55npkldut_tt1p0v25c
  pe_790             ZeroWLM               hu55npkldut_tt1p0v25c
  pe_789             ZeroWLM               hu55npkldut_tt1p0v25c
  pe_788             ZeroWLM               hu55npkldut_tt1p0v25c
  pe_787             ZeroWLM               hu55npkldut_tt1p0v25c
  pe_786             ZeroWLM               hu55npkldut_tt1p0v25c
  pe_785             ZeroWLM               hu55npkldut_tt1p0v25c
  pe_784             ZeroWLM               hu55npkldut_tt1p0v25c
  pe_783             ZeroWLM               hu55npkldut_tt1p0v25c
  pe_782             ZeroWLM               hu55npkldut_tt1p0v25c
  pe_781             ZeroWLM               hu55npkldut_tt1p0v25c
  pe_780             ZeroWLM               hu55npkldut_tt1p0v25c
  pe_779             ZeroWLM               hu55npkldut_tt1p0v25c
  pe_778             ZeroWLM               hu55npkldut_tt1p0v25c
  pe_777             ZeroWLM               hu55npkldut_tt1p0v25c
  pe_776             ZeroWLM               hu55npkldut_tt1p0v25c
  pe_775             ZeroWLM               hu55npkldut_tt1p0v25c
  pe_774             ZeroWLM               hu55npkldut_tt1p0v25c
  pe_773             ZeroWLM               hu55npkldut_tt1p0v25c
  pe_772             ZeroWLM               hu55npkldut_tt1p0v25c
  pe_771             ZeroWLM               hu55npkldut_tt1p0v25c
  pe_770             ZeroWLM               hu55npkldut_tt1p0v25c
  pe_769             ZeroWLM               hu55npkldut_tt1p0v25c
  pe_768             ZeroWLM               hu55npkldut_tt1p0v25c
  pe_767             ZeroWLM               hu55npkldut_tt1p0v25c
  pe_766             ZeroWLM               hu55npkldut_tt1p0v25c
  pe_765             ZeroWLM               hu55npkldut_tt1p0v25c
  pe_764             ZeroWLM               hu55npkldut_tt1p0v25c
  pe_763             ZeroWLM               hu55npkldut_tt1p0v25c
  pe_762             ZeroWLM               hu55npkldut_tt1p0v25c
  pe_761             ZeroWLM               hu55npkldut_tt1p0v25c
  pe_760             ZeroWLM               hu55npkldut_tt1p0v25c
  pe_759             ZeroWLM               hu55npkldut_tt1p0v25c
  pe_758             ZeroWLM               hu55npkldut_tt1p0v25c
  pe_757             ZeroWLM               hu55npkldut_tt1p0v25c
  pe_756             ZeroWLM               hu55npkldut_tt1p0v25c
  pe_755             ZeroWLM               hu55npkldut_tt1p0v25c
  pe_754             ZeroWLM               hu55npkldut_tt1p0v25c
  pe_753             ZeroWLM               hu55npkldut_tt1p0v25c
  pe_752             ZeroWLM               hu55npkldut_tt1p0v25c
  pe_751             ZeroWLM               hu55npkldut_tt1p0v25c
  pe_750             ZeroWLM               hu55npkldut_tt1p0v25c
  pe_749             ZeroWLM               hu55npkldut_tt1p0v25c
  pe_748             ZeroWLM               hu55npkldut_tt1p0v25c
  pe_747             ZeroWLM               hu55npkldut_tt1p0v25c
  pe_746             ZeroWLM               hu55npkldut_tt1p0v25c
  pe_745             ZeroWLM               hu55npkldut_tt1p0v25c
  pe_744             ZeroWLM               hu55npkldut_tt1p0v25c
  pe_743             ZeroWLM               hu55npkldut_tt1p0v25c
  pe_742             ZeroWLM               hu55npkldut_tt1p0v25c
  pe_741             ZeroWLM               hu55npkldut_tt1p0v25c
  pe_740             ZeroWLM               hu55npkldut_tt1p0v25c
  pe_739             ZeroWLM               hu55npkldut_tt1p0v25c
  pe_738             ZeroWLM               hu55npkldut_tt1p0v25c
  pe_737             ZeroWLM               hu55npkldut_tt1p0v25c
  pe_736             ZeroWLM               hu55npkldut_tt1p0v25c
  pe_735             ZeroWLM               hu55npkldut_tt1p0v25c
  pe_734             ZeroWLM               hu55npkldut_tt1p0v25c
  pe_733             ZeroWLM               hu55npkldut_tt1p0v25c
  pe_732             ZeroWLM               hu55npkldut_tt1p0v25c
  pe_731             ZeroWLM               hu55npkldut_tt1p0v25c
  pe_730             ZeroWLM               hu55npkldut_tt1p0v25c
  pe_729             ZeroWLM               hu55npkldut_tt1p0v25c
  pe_728             ZeroWLM               hu55npkldut_tt1p0v25c
  pe_727             ZeroWLM               hu55npkldut_tt1p0v25c
  pe_726             ZeroWLM               hu55npkldut_tt1p0v25c
  pe_725             ZeroWLM               hu55npkldut_tt1p0v25c
  pe_724             ZeroWLM               hu55npkldut_tt1p0v25c
  pe_723             ZeroWLM               hu55npkldut_tt1p0v25c
  pe_722             ZeroWLM               hu55npkldut_tt1p0v25c
  pe_721             ZeroWLM               hu55npkldut_tt1p0v25c
  pe_720             ZeroWLM               hu55npkldut_tt1p0v25c
  pe_719             ZeroWLM               hu55npkldut_tt1p0v25c
  pe_718             ZeroWLM               hu55npkldut_tt1p0v25c
  pe_717             ZeroWLM               hu55npkldut_tt1p0v25c
  pe_716             ZeroWLM               hu55npkldut_tt1p0v25c
  pe_715             ZeroWLM               hu55npkldut_tt1p0v25c
  pe_714             ZeroWLM               hu55npkldut_tt1p0v25c
  pe_713             ZeroWLM               hu55npkldut_tt1p0v25c
  pe_712             ZeroWLM               hu55npkldut_tt1p0v25c
  pe_711             ZeroWLM               hu55npkldut_tt1p0v25c
  pe_710             ZeroWLM               hu55npkldut_tt1p0v25c
  pe_709             ZeroWLM               hu55npkldut_tt1p0v25c
  pe_708             ZeroWLM               hu55npkldut_tt1p0v25c
  pe_707             ZeroWLM               hu55npkldut_tt1p0v25c
  pe_706             ZeroWLM               hu55npkldut_tt1p0v25c
  pe_705             ZeroWLM               hu55npkldut_tt1p0v25c
  pe_704             ZeroWLM               hu55npkldut_tt1p0v25c
  pe_703             ZeroWLM               hu55npkldut_tt1p0v25c
  pe_702             ZeroWLM               hu55npkldut_tt1p0v25c
  pe_701             ZeroWLM               hu55npkldut_tt1p0v25c
  pe_700             ZeroWLM               hu55npkldut_tt1p0v25c
  pe_699             ZeroWLM               hu55npkldut_tt1p0v25c
  pe_698             ZeroWLM               hu55npkldut_tt1p0v25c
  pe_697             ZeroWLM               hu55npkldut_tt1p0v25c
  pe_696             ZeroWLM               hu55npkldut_tt1p0v25c
  pe_695             ZeroWLM               hu55npkldut_tt1p0v25c
  pe_694             ZeroWLM               hu55npkldut_tt1p0v25c
  pe_693             ZeroWLM               hu55npkldut_tt1p0v25c
  pe_692             ZeroWLM               hu55npkldut_tt1p0v25c
  pe_691             ZeroWLM               hu55npkldut_tt1p0v25c
  pe_690             ZeroWLM               hu55npkldut_tt1p0v25c
  pe_689             ZeroWLM               hu55npkldut_tt1p0v25c
  pe_688             ZeroWLM               hu55npkldut_tt1p0v25c
  pe_687             ZeroWLM               hu55npkldut_tt1p0v25c
  pe_686             ZeroWLM               hu55npkldut_tt1p0v25c
  pe_685             ZeroWLM               hu55npkldut_tt1p0v25c
  pe_684             ZeroWLM               hu55npkldut_tt1p0v25c
  pe_683             ZeroWLM               hu55npkldut_tt1p0v25c
  pe_682             ZeroWLM               hu55npkldut_tt1p0v25c
  pe_681             ZeroWLM               hu55npkldut_tt1p0v25c
  pe_680             ZeroWLM               hu55npkldut_tt1p0v25c
  pe_679             ZeroWLM               hu55npkldut_tt1p0v25c
  pe_678             ZeroWLM               hu55npkldut_tt1p0v25c
  pe_677             ZeroWLM               hu55npkldut_tt1p0v25c
  pe_676             ZeroWLM               hu55npkldut_tt1p0v25c
  pe_675             ZeroWLM               hu55npkldut_tt1p0v25c
  pe_674             ZeroWLM               hu55npkldut_tt1p0v25c
  pe_673             ZeroWLM               hu55npkldut_tt1p0v25c
  pe_672             ZeroWLM               hu55npkldut_tt1p0v25c
  pe_671             ZeroWLM               hu55npkldut_tt1p0v25c
  pe_670             ZeroWLM               hu55npkldut_tt1p0v25c
  pe_669             ZeroWLM               hu55npkldut_tt1p0v25c
  pe_668             ZeroWLM               hu55npkldut_tt1p0v25c
  pe_667             ZeroWLM               hu55npkldut_tt1p0v25c
  pe_666             ZeroWLM               hu55npkldut_tt1p0v25c
  pe_665             ZeroWLM               hu55npkldut_tt1p0v25c
  pe_664             ZeroWLM               hu55npkldut_tt1p0v25c
  pe_663             ZeroWLM               hu55npkldut_tt1p0v25c
  pe_662             ZeroWLM               hu55npkldut_tt1p0v25c
  pe_661             ZeroWLM               hu55npkldut_tt1p0v25c
  pe_660             ZeroWLM               hu55npkldut_tt1p0v25c
  pe_659             ZeroWLM               hu55npkldut_tt1p0v25c
  pe_658             ZeroWLM               hu55npkldut_tt1p0v25c
  pe_657             ZeroWLM               hu55npkldut_tt1p0v25c
  pe_656             ZeroWLM               hu55npkldut_tt1p0v25c
  pe_655             ZeroWLM               hu55npkldut_tt1p0v25c
  pe_654             ZeroWLM               hu55npkldut_tt1p0v25c
  pe_653             ZeroWLM               hu55npkldut_tt1p0v25c
  pe_652             ZeroWLM               hu55npkldut_tt1p0v25c
  pe_651             ZeroWLM               hu55npkldut_tt1p0v25c
  pe_650             ZeroWLM               hu55npkldut_tt1p0v25c
  pe_649             ZeroWLM               hu55npkldut_tt1p0v25c
  pe_648             ZeroWLM               hu55npkldut_tt1p0v25c
  pe_647             ZeroWLM               hu55npkldut_tt1p0v25c
  pe_646             ZeroWLM               hu55npkldut_tt1p0v25c
  pe_645             ZeroWLM               hu55npkldut_tt1p0v25c
  pe_644             ZeroWLM               hu55npkldut_tt1p0v25c
  pe_643             ZeroWLM               hu55npkldut_tt1p0v25c
  pe_642             ZeroWLM               hu55npkldut_tt1p0v25c
  pe_641             ZeroWLM               hu55npkldut_tt1p0v25c
  pe_640             ZeroWLM               hu55npkldut_tt1p0v25c
  pe_639             ZeroWLM               hu55npkldut_tt1p0v25c
  pe_638             ZeroWLM               hu55npkldut_tt1p0v25c
  pe_637             ZeroWLM               hu55npkldut_tt1p0v25c
  pe_636             ZeroWLM               hu55npkldut_tt1p0v25c
  pe_635             ZeroWLM               hu55npkldut_tt1p0v25c
  pe_634             ZeroWLM               hu55npkldut_tt1p0v25c
  pe_633             ZeroWLM               hu55npkldut_tt1p0v25c
  pe_632             ZeroWLM               hu55npkldut_tt1p0v25c
  pe_631             ZeroWLM               hu55npkldut_tt1p0v25c
  pe_630             ZeroWLM               hu55npkldut_tt1p0v25c
  pe_629             ZeroWLM               hu55npkldut_tt1p0v25c
  pe_628             ZeroWLM               hu55npkldut_tt1p0v25c
  pe_627             ZeroWLM               hu55npkldut_tt1p0v25c
  pe_626             ZeroWLM               hu55npkldut_tt1p0v25c
  pe_625             ZeroWLM               hu55npkldut_tt1p0v25c
  pe_624             ZeroWLM               hu55npkldut_tt1p0v25c
  pe_623             ZeroWLM               hu55npkldut_tt1p0v25c
  pe_622             ZeroWLM               hu55npkldut_tt1p0v25c
  pe_621             ZeroWLM               hu55npkldut_tt1p0v25c
  pe_620             ZeroWLM               hu55npkldut_tt1p0v25c
  pe_619             ZeroWLM               hu55npkldut_tt1p0v25c
  pe_618             ZeroWLM               hu55npkldut_tt1p0v25c
  pe_617             ZeroWLM               hu55npkldut_tt1p0v25c
  pe_616             ZeroWLM               hu55npkldut_tt1p0v25c
  pe_615             ZeroWLM               hu55npkldut_tt1p0v25c
  pe_614             ZeroWLM               hu55npkldut_tt1p0v25c
  pe_613             ZeroWLM               hu55npkldut_tt1p0v25c
  pe_612             ZeroWLM               hu55npkldut_tt1p0v25c
  pe_611             ZeroWLM               hu55npkldut_tt1p0v25c
  pe_610             ZeroWLM               hu55npkldut_tt1p0v25c
  pe_609             ZeroWLM               hu55npkldut_tt1p0v25c
  pe_608             ZeroWLM               hu55npkldut_tt1p0v25c
  pe_607             ZeroWLM               hu55npkldut_tt1p0v25c
  pe_606             ZeroWLM               hu55npkldut_tt1p0v25c
  pe_605             ZeroWLM               hu55npkldut_tt1p0v25c
  pe_604             ZeroWLM               hu55npkldut_tt1p0v25c
  pe_603             ZeroWLM               hu55npkldut_tt1p0v25c
  pe_602             ZeroWLM               hu55npkldut_tt1p0v25c
  pe_601             ZeroWLM               hu55npkldut_tt1p0v25c
  pe_600             ZeroWLM               hu55npkldut_tt1p0v25c
  pe_599             ZeroWLM               hu55npkldut_tt1p0v25c
  pe_598             ZeroWLM               hu55npkldut_tt1p0v25c
  pe_597             ZeroWLM               hu55npkldut_tt1p0v25c
  pe_596             ZeroWLM               hu55npkldut_tt1p0v25c
  pe_595             ZeroWLM               hu55npkldut_tt1p0v25c
  pe_594             ZeroWLM               hu55npkldut_tt1p0v25c
  pe_593             ZeroWLM               hu55npkldut_tt1p0v25c
  pe_592             ZeroWLM               hu55npkldut_tt1p0v25c
  pe_591             ZeroWLM               hu55npkldut_tt1p0v25c
  pe_590             ZeroWLM               hu55npkldut_tt1p0v25c
  pe_589             ZeroWLM               hu55npkldut_tt1p0v25c
  pe_588             ZeroWLM               hu55npkldut_tt1p0v25c
  pe_587             ZeroWLM               hu55npkldut_tt1p0v25c
  pe_586             ZeroWLM               hu55npkldut_tt1p0v25c
  pe_585             ZeroWLM               hu55npkldut_tt1p0v25c
  pe_584             ZeroWLM               hu55npkldut_tt1p0v25c
  pe_583             ZeroWLM               hu55npkldut_tt1p0v25c
  pe_582             ZeroWLM               hu55npkldut_tt1p0v25c
  pe_581             ZeroWLM               hu55npkldut_tt1p0v25c
  pe_580             ZeroWLM               hu55npkldut_tt1p0v25c
  pe_579             ZeroWLM               hu55npkldut_tt1p0v25c
  pe_578             ZeroWLM               hu55npkldut_tt1p0v25c
  pe_577             ZeroWLM               hu55npkldut_tt1p0v25c
  pe_576             ZeroWLM               hu55npkldut_tt1p0v25c
  pe_575             ZeroWLM               hu55npkldut_tt1p0v25c
  pe_574             ZeroWLM               hu55npkldut_tt1p0v25c
  pe_573             ZeroWLM               hu55npkldut_tt1p0v25c
  pe_572             ZeroWLM               hu55npkldut_tt1p0v25c
  pe_571             ZeroWLM               hu55npkldut_tt1p0v25c
  pe_570             ZeroWLM               hu55npkldut_tt1p0v25c
  pe_569             ZeroWLM               hu55npkldut_tt1p0v25c
  pe_568             ZeroWLM               hu55npkldut_tt1p0v25c
  pe_567             ZeroWLM               hu55npkldut_tt1p0v25c
  pe_566             ZeroWLM               hu55npkldut_tt1p0v25c
  pe_565             ZeroWLM               hu55npkldut_tt1p0v25c
  pe_564             ZeroWLM               hu55npkldut_tt1p0v25c
  pe_563             ZeroWLM               hu55npkldut_tt1p0v25c
  pe_562             ZeroWLM               hu55npkldut_tt1p0v25c
  pe_561             ZeroWLM               hu55npkldut_tt1p0v25c
  pe_560             ZeroWLM               hu55npkldut_tt1p0v25c
  pe_559             ZeroWLM               hu55npkldut_tt1p0v25c
  pe_558             ZeroWLM               hu55npkldut_tt1p0v25c
  pe_557             ZeroWLM               hu55npkldut_tt1p0v25c
  pe_556             ZeroWLM               hu55npkldut_tt1p0v25c
  pe_555             ZeroWLM               hu55npkldut_tt1p0v25c
  pe_554             ZeroWLM               hu55npkldut_tt1p0v25c
  pe_553             ZeroWLM               hu55npkldut_tt1p0v25c
  pe_552             ZeroWLM               hu55npkldut_tt1p0v25c
  pe_551             ZeroWLM               hu55npkldut_tt1p0v25c
  pe_550             ZeroWLM               hu55npkldut_tt1p0v25c
  pe_549             ZeroWLM               hu55npkldut_tt1p0v25c
  pe_548             ZeroWLM               hu55npkldut_tt1p0v25c
  pe_547             ZeroWLM               hu55npkldut_tt1p0v25c
  pe_546             ZeroWLM               hu55npkldut_tt1p0v25c
  pe_545             ZeroWLM               hu55npkldut_tt1p0v25c
  pe_544             ZeroWLM               hu55npkldut_tt1p0v25c
  pe_543             ZeroWLM               hu55npkldut_tt1p0v25c
  pe_542             ZeroWLM               hu55npkldut_tt1p0v25c
  pe_541             ZeroWLM               hu55npkldut_tt1p0v25c
  pe_540             ZeroWLM               hu55npkldut_tt1p0v25c
  pe_539             ZeroWLM               hu55npkldut_tt1p0v25c
  pe_538             ZeroWLM               hu55npkldut_tt1p0v25c
  pe_537             ZeroWLM               hu55npkldut_tt1p0v25c
  pe_536             ZeroWLM               hu55npkldut_tt1p0v25c
  pe_535             ZeroWLM               hu55npkldut_tt1p0v25c
  pe_534             ZeroWLM               hu55npkldut_tt1p0v25c
  pe_533             ZeroWLM               hu55npkldut_tt1p0v25c
  pe_532             ZeroWLM               hu55npkldut_tt1p0v25c
  pe_531             ZeroWLM               hu55npkldut_tt1p0v25c
  pe_530             ZeroWLM               hu55npkldut_tt1p0v25c
  pe_529             ZeroWLM               hu55npkldut_tt1p0v25c
  pe_528             ZeroWLM               hu55npkldut_tt1p0v25c
  pe_527             ZeroWLM               hu55npkldut_tt1p0v25c
  pe_526             ZeroWLM               hu55npkldut_tt1p0v25c
  pe_525             ZeroWLM               hu55npkldut_tt1p0v25c
  pe_524             ZeroWLM               hu55npkldut_tt1p0v25c
  pe_523             ZeroWLM               hu55npkldut_tt1p0v25c
  pe_522             ZeroWLM               hu55npkldut_tt1p0v25c
  pe_521             ZeroWLM               hu55npkldut_tt1p0v25c
  pe_520             ZeroWLM               hu55npkldut_tt1p0v25c
  pe_519             ZeroWLM               hu55npkldut_tt1p0v25c
  pe_518             ZeroWLM               hu55npkldut_tt1p0v25c
  pe_517             ZeroWLM               hu55npkldut_tt1p0v25c
  pe_516             ZeroWLM               hu55npkldut_tt1p0v25c
  pe_515             ZeroWLM               hu55npkldut_tt1p0v25c
  pe_514             ZeroWLM               hu55npkldut_tt1p0v25c
  pe_513             ZeroWLM               hu55npkldut_tt1p0v25c
  pe_512             ZeroWLM               hu55npkldut_tt1p0v25c
  pe_511             ZeroWLM               hu55npkldut_tt1p0v25c
  pe_510             ZeroWLM               hu55npkldut_tt1p0v25c
  pe_509             ZeroWLM               hu55npkldut_tt1p0v25c
  pe_508             ZeroWLM               hu55npkldut_tt1p0v25c
  pe_507             ZeroWLM               hu55npkldut_tt1p0v25c
  pe_506             ZeroWLM               hu55npkldut_tt1p0v25c
  pe_505             ZeroWLM               hu55npkldut_tt1p0v25c
  pe_504             ZeroWLM               hu55npkldut_tt1p0v25c
  pe_503             ZeroWLM               hu55npkldut_tt1p0v25c
  pe_502             ZeroWLM               hu55npkldut_tt1p0v25c
  pe_501             ZeroWLM               hu55npkldut_tt1p0v25c
  pe_500             ZeroWLM               hu55npkldut_tt1p0v25c
  pe_499             ZeroWLM               hu55npkldut_tt1p0v25c
  pe_498             ZeroWLM               hu55npkldut_tt1p0v25c
  pe_497             ZeroWLM               hu55npkldut_tt1p0v25c
  pe_496             ZeroWLM               hu55npkldut_tt1p0v25c
  pe_495             ZeroWLM               hu55npkldut_tt1p0v25c
  pe_494             ZeroWLM               hu55npkldut_tt1p0v25c
  pe_493             ZeroWLM               hu55npkldut_tt1p0v25c
  pe_492             ZeroWLM               hu55npkldut_tt1p0v25c
  pe_491             ZeroWLM               hu55npkldut_tt1p0v25c
  pe_490             ZeroWLM               hu55npkldut_tt1p0v25c
  pe_489             ZeroWLM               hu55npkldut_tt1p0v25c
  pe_488             ZeroWLM               hu55npkldut_tt1p0v25c
  pe_487             ZeroWLM               hu55npkldut_tt1p0v25c
  pe_486             ZeroWLM               hu55npkldut_tt1p0v25c
  pe_485             ZeroWLM               hu55npkldut_tt1p0v25c
  pe_484             ZeroWLM               hu55npkldut_tt1p0v25c
  pe_483             ZeroWLM               hu55npkldut_tt1p0v25c
  pe_482             ZeroWLM               hu55npkldut_tt1p0v25c
  pe_481             ZeroWLM               hu55npkldut_tt1p0v25c
  pe_480             ZeroWLM               hu55npkldut_tt1p0v25c
  pe_479             ZeroWLM               hu55npkldut_tt1p0v25c
  pe_478             ZeroWLM               hu55npkldut_tt1p0v25c
  pe_477             ZeroWLM               hu55npkldut_tt1p0v25c
  pe_476             ZeroWLM               hu55npkldut_tt1p0v25c
  pe_475             ZeroWLM               hu55npkldut_tt1p0v25c
  pe_474             ZeroWLM               hu55npkldut_tt1p0v25c
  pe_473             ZeroWLM               hu55npkldut_tt1p0v25c
  pe_472             ZeroWLM               hu55npkldut_tt1p0v25c
  pe_471             ZeroWLM               hu55npkldut_tt1p0v25c
  pe_470             ZeroWLM               hu55npkldut_tt1p0v25c
  pe_469             ZeroWLM               hu55npkldut_tt1p0v25c
  pe_468             ZeroWLM               hu55npkldut_tt1p0v25c
  pe_467             ZeroWLM               hu55npkldut_tt1p0v25c
  pe_466             ZeroWLM               hu55npkldut_tt1p0v25c
  pe_465             ZeroWLM               hu55npkldut_tt1p0v25c
  pe_464             ZeroWLM               hu55npkldut_tt1p0v25c
  pe_463             ZeroWLM               hu55npkldut_tt1p0v25c
  pe_462             ZeroWLM               hu55npkldut_tt1p0v25c
  pe_461             ZeroWLM               hu55npkldut_tt1p0v25c
  pe_460             ZeroWLM               hu55npkldut_tt1p0v25c
  pe_459             ZeroWLM               hu55npkldut_tt1p0v25c
  pe_458             ZeroWLM               hu55npkldut_tt1p0v25c
  pe_457             ZeroWLM               hu55npkldut_tt1p0v25c
  pe_456             ZeroWLM               hu55npkldut_tt1p0v25c
  pe_455             ZeroWLM               hu55npkldut_tt1p0v25c
  pe_454             ZeroWLM               hu55npkldut_tt1p0v25c
  pe_453             ZeroWLM               hu55npkldut_tt1p0v25c
  pe_452             ZeroWLM               hu55npkldut_tt1p0v25c
  pe_451             ZeroWLM               hu55npkldut_tt1p0v25c
  pe_450             ZeroWLM               hu55npkldut_tt1p0v25c
  pe_449             ZeroWLM               hu55npkldut_tt1p0v25c
  pe_448             ZeroWLM               hu55npkldut_tt1p0v25c
  pe_447             ZeroWLM               hu55npkldut_tt1p0v25c
  pe_446             ZeroWLM               hu55npkldut_tt1p0v25c
  pe_445             ZeroWLM               hu55npkldut_tt1p0v25c
  pe_444             ZeroWLM               hu55npkldut_tt1p0v25c
  pe_443             ZeroWLM               hu55npkldut_tt1p0v25c
  pe_442             ZeroWLM               hu55npkldut_tt1p0v25c
  pe_441             ZeroWLM               hu55npkldut_tt1p0v25c
  pe_440             ZeroWLM               hu55npkldut_tt1p0v25c
  pe_439             ZeroWLM               hu55npkldut_tt1p0v25c
  pe_438             ZeroWLM               hu55npkldut_tt1p0v25c
  pe_437             ZeroWLM               hu55npkldut_tt1p0v25c
  pe_436             ZeroWLM               hu55npkldut_tt1p0v25c
  pe_435             ZeroWLM               hu55npkldut_tt1p0v25c
  pe_434             ZeroWLM               hu55npkldut_tt1p0v25c
  pe_433             ZeroWLM               hu55npkldut_tt1p0v25c
  pe_432             ZeroWLM               hu55npkldut_tt1p0v25c
  pe_431             ZeroWLM               hu55npkldut_tt1p0v25c
  pe_430             ZeroWLM               hu55npkldut_tt1p0v25c
  pe_429             ZeroWLM               hu55npkldut_tt1p0v25c
  pe_428             ZeroWLM               hu55npkldut_tt1p0v25c
  pe_427             ZeroWLM               hu55npkldut_tt1p0v25c
  pe_426             ZeroWLM               hu55npkldut_tt1p0v25c
  pe_425             ZeroWLM               hu55npkldut_tt1p0v25c
  pe_424             ZeroWLM               hu55npkldut_tt1p0v25c
  pe_423             ZeroWLM               hu55npkldut_tt1p0v25c
  pe_422             ZeroWLM               hu55npkldut_tt1p0v25c
  pe_421             ZeroWLM               hu55npkldut_tt1p0v25c
  pe_420             ZeroWLM               hu55npkldut_tt1p0v25c
  pe_419             ZeroWLM               hu55npkldut_tt1p0v25c
  pe_418             ZeroWLM               hu55npkldut_tt1p0v25c
  pe_417             ZeroWLM               hu55npkldut_tt1p0v25c
  pe_416             ZeroWLM               hu55npkldut_tt1p0v25c
  pe_415             ZeroWLM               hu55npkldut_tt1p0v25c
  pe_414             ZeroWLM               hu55npkldut_tt1p0v25c
  pe_413             ZeroWLM               hu55npkldut_tt1p0v25c
  pe_412             ZeroWLM               hu55npkldut_tt1p0v25c
  pe_411             ZeroWLM               hu55npkldut_tt1p0v25c
  pe_410             ZeroWLM               hu55npkldut_tt1p0v25c
  pe_409             ZeroWLM               hu55npkldut_tt1p0v25c
  pe_408             ZeroWLM               hu55npkldut_tt1p0v25c
  pe_407             ZeroWLM               hu55npkldut_tt1p0v25c
  pe_406             ZeroWLM               hu55npkldut_tt1p0v25c
  pe_405             ZeroWLM               hu55npkldut_tt1p0v25c
  pe_404             ZeroWLM               hu55npkldut_tt1p0v25c
  pe_403             ZeroWLM               hu55npkldut_tt1p0v25c
  pe_402             ZeroWLM               hu55npkldut_tt1p0v25c
  pe_401             ZeroWLM               hu55npkldut_tt1p0v25c
  pe_400             ZeroWLM               hu55npkldut_tt1p0v25c
  pe_399             ZeroWLM               hu55npkldut_tt1p0v25c
  pe_398             ZeroWLM               hu55npkldut_tt1p0v25c
  pe_397             ZeroWLM               hu55npkldut_tt1p0v25c
  pe_396             ZeroWLM               hu55npkldut_tt1p0v25c
  pe_395             ZeroWLM               hu55npkldut_tt1p0v25c
  pe_394             ZeroWLM               hu55npkldut_tt1p0v25c
  pe_393             ZeroWLM               hu55npkldut_tt1p0v25c
  pe_392             ZeroWLM               hu55npkldut_tt1p0v25c
  pe_391             ZeroWLM               hu55npkldut_tt1p0v25c
  pe_390             ZeroWLM               hu55npkldut_tt1p0v25c
  pe_389             ZeroWLM               hu55npkldut_tt1p0v25c
  pe_388             ZeroWLM               hu55npkldut_tt1p0v25c
  pe_387             ZeroWLM               hu55npkldut_tt1p0v25c
  pe_386             ZeroWLM               hu55npkldut_tt1p0v25c
  pe_385             ZeroWLM               hu55npkldut_tt1p0v25c
  pe_384             ZeroWLM               hu55npkldut_tt1p0v25c
  pe_383             ZeroWLM               hu55npkldut_tt1p0v25c
  pe_382             ZeroWLM               hu55npkldut_tt1p0v25c
  pe_381             ZeroWLM               hu55npkldut_tt1p0v25c
  pe_380             ZeroWLM               hu55npkldut_tt1p0v25c
  pe_379             ZeroWLM               hu55npkldut_tt1p0v25c
  pe_378             ZeroWLM               hu55npkldut_tt1p0v25c
  pe_377             ZeroWLM               hu55npkldut_tt1p0v25c
  pe_376             ZeroWLM               hu55npkldut_tt1p0v25c
  pe_375             ZeroWLM               hu55npkldut_tt1p0v25c
  pe_374             ZeroWLM               hu55npkldut_tt1p0v25c
  pe_373             ZeroWLM               hu55npkldut_tt1p0v25c
  pe_372             ZeroWLM               hu55npkldut_tt1p0v25c
  pe_371             ZeroWLM               hu55npkldut_tt1p0v25c
  pe_370             ZeroWLM               hu55npkldut_tt1p0v25c
  pe_369             ZeroWLM               hu55npkldut_tt1p0v25c
  pe_368             ZeroWLM               hu55npkldut_tt1p0v25c
  pe_367             ZeroWLM               hu55npkldut_tt1p0v25c
  pe_366             ZeroWLM               hu55npkldut_tt1p0v25c
  pe_365             ZeroWLM               hu55npkldut_tt1p0v25c
  pe_364             ZeroWLM               hu55npkldut_tt1p0v25c
  pe_363             ZeroWLM               hu55npkldut_tt1p0v25c
  pe_362             ZeroWLM               hu55npkldut_tt1p0v25c
  pe_361             ZeroWLM               hu55npkldut_tt1p0v25c
  pe_360             ZeroWLM               hu55npkldut_tt1p0v25c
  pe_359             ZeroWLM               hu55npkldut_tt1p0v25c
  pe_358             ZeroWLM               hu55npkldut_tt1p0v25c
  pe_357             ZeroWLM               hu55npkldut_tt1p0v25c
  pe_356             ZeroWLM               hu55npkldut_tt1p0v25c
  pe_355             ZeroWLM               hu55npkldut_tt1p0v25c
  pe_354             ZeroWLM               hu55npkldut_tt1p0v25c
  pe_353             ZeroWLM               hu55npkldut_tt1p0v25c
  pe_352             ZeroWLM               hu55npkldut_tt1p0v25c
  pe_351             ZeroWLM               hu55npkldut_tt1p0v25c
  pe_350             ZeroWLM               hu55npkldut_tt1p0v25c
  pe_349             ZeroWLM               hu55npkldut_tt1p0v25c
  pe_348             ZeroWLM               hu55npkldut_tt1p0v25c
  pe_347             ZeroWLM               hu55npkldut_tt1p0v25c
  pe_346             ZeroWLM               hu55npkldut_tt1p0v25c
  pe_345             ZeroWLM               hu55npkldut_tt1p0v25c
  pe_344             ZeroWLM               hu55npkldut_tt1p0v25c
  pe_343             ZeroWLM               hu55npkldut_tt1p0v25c
  pe_342             ZeroWLM               hu55npkldut_tt1p0v25c
  pe_341             ZeroWLM               hu55npkldut_tt1p0v25c
  pe_340             ZeroWLM               hu55npkldut_tt1p0v25c
  pe_339             ZeroWLM               hu55npkldut_tt1p0v25c
  pe_338             ZeroWLM               hu55npkldut_tt1p0v25c
  pe_337             ZeroWLM               hu55npkldut_tt1p0v25c
  pe_336             ZeroWLM               hu55npkldut_tt1p0v25c
  pe_335             ZeroWLM               hu55npkldut_tt1p0v25c
  pe_334             ZeroWLM               hu55npkldut_tt1p0v25c
  pe_333             ZeroWLM               hu55npkldut_tt1p0v25c
  pe_332             ZeroWLM               hu55npkldut_tt1p0v25c
  pe_331             ZeroWLM               hu55npkldut_tt1p0v25c
  pe_330             ZeroWLM               hu55npkldut_tt1p0v25c
  pe_329             ZeroWLM               hu55npkldut_tt1p0v25c
  pe_328             ZeroWLM               hu55npkldut_tt1p0v25c
  pe_327             ZeroWLM               hu55npkldut_tt1p0v25c
  pe_326             ZeroWLM               hu55npkldut_tt1p0v25c
  pe_325             ZeroWLM               hu55npkldut_tt1p0v25c
  pe_324             ZeroWLM               hu55npkldut_tt1p0v25c
  pe_323             ZeroWLM               hu55npkldut_tt1p0v25c
  pe_322             ZeroWLM               hu55npkldut_tt1p0v25c
  pe_321             ZeroWLM               hu55npkldut_tt1p0v25c
  pe_320             ZeroWLM               hu55npkldut_tt1p0v25c
  pe_319             ZeroWLM               hu55npkldut_tt1p0v25c
  pe_318             ZeroWLM               hu55npkldut_tt1p0v25c
  pe_317             ZeroWLM               hu55npkldut_tt1p0v25c
  pe_316             ZeroWLM               hu55npkldut_tt1p0v25c
  pe_315             ZeroWLM               hu55npkldut_tt1p0v25c
  pe_314             ZeroWLM               hu55npkldut_tt1p0v25c
  pe_313             ZeroWLM               hu55npkldut_tt1p0v25c
  pe_312             ZeroWLM               hu55npkldut_tt1p0v25c
  pe_311             ZeroWLM               hu55npkldut_tt1p0v25c
  pe_310             ZeroWLM               hu55npkldut_tt1p0v25c
  pe_309             ZeroWLM               hu55npkldut_tt1p0v25c
  pe_308             ZeroWLM               hu55npkldut_tt1p0v25c
  pe_307             ZeroWLM               hu55npkldut_tt1p0v25c
  pe_306             ZeroWLM               hu55npkldut_tt1p0v25c
  pe_305             ZeroWLM               hu55npkldut_tt1p0v25c
  pe_304             ZeroWLM               hu55npkldut_tt1p0v25c
  pe_303             ZeroWLM               hu55npkldut_tt1p0v25c
  pe_302             ZeroWLM               hu55npkldut_tt1p0v25c
  pe_301             ZeroWLM               hu55npkldut_tt1p0v25c
  pe_300             ZeroWLM               hu55npkldut_tt1p0v25c
  pe_299             ZeroWLM               hu55npkldut_tt1p0v25c
  pe_298             ZeroWLM               hu55npkldut_tt1p0v25c
  pe_297             ZeroWLM               hu55npkldut_tt1p0v25c
  pe_296             ZeroWLM               hu55npkldut_tt1p0v25c
  pe_295             ZeroWLM               hu55npkldut_tt1p0v25c
  pe_294             ZeroWLM               hu55npkldut_tt1p0v25c
  pe_293             ZeroWLM               hu55npkldut_tt1p0v25c
  pe_292             ZeroWLM               hu55npkldut_tt1p0v25c
  pe_291             ZeroWLM               hu55npkldut_tt1p0v25c
  pe_290             ZeroWLM               hu55npkldut_tt1p0v25c
  pe_289             ZeroWLM               hu55npkldut_tt1p0v25c
  pe_288             ZeroWLM               hu55npkldut_tt1p0v25c
  pe_287             ZeroWLM               hu55npkldut_tt1p0v25c
  pe_286             ZeroWLM               hu55npkldut_tt1p0v25c
  pe_285             ZeroWLM               hu55npkldut_tt1p0v25c
  pe_284             ZeroWLM               hu55npkldut_tt1p0v25c
  pe_283             ZeroWLM               hu55npkldut_tt1p0v25c
  pe_282             ZeroWLM               hu55npkldut_tt1p0v25c
  pe_281             ZeroWLM               hu55npkldut_tt1p0v25c
  pe_280             ZeroWLM               hu55npkldut_tt1p0v25c
  pe_279             ZeroWLM               hu55npkldut_tt1p0v25c
  pe_278             ZeroWLM               hu55npkldut_tt1p0v25c
  pe_277             ZeroWLM               hu55npkldut_tt1p0v25c
  pe_276             ZeroWLM               hu55npkldut_tt1p0v25c
  pe_275             ZeroWLM               hu55npkldut_tt1p0v25c
  pe_274             ZeroWLM               hu55npkldut_tt1p0v25c
  pe_273             ZeroWLM               hu55npkldut_tt1p0v25c
  pe_272             ZeroWLM               hu55npkldut_tt1p0v25c
  pe_271             ZeroWLM               hu55npkldut_tt1p0v25c
  pe_270             ZeroWLM               hu55npkldut_tt1p0v25c
  pe_269             ZeroWLM               hu55npkldut_tt1p0v25c
  pe_268             ZeroWLM               hu55npkldut_tt1p0v25c
  pe_267             ZeroWLM               hu55npkldut_tt1p0v25c
  pe_266             ZeroWLM               hu55npkldut_tt1p0v25c
  pe_265             ZeroWLM               hu55npkldut_tt1p0v25c
  pe_264             ZeroWLM               hu55npkldut_tt1p0v25c
  pe_263             ZeroWLM               hu55npkldut_tt1p0v25c
  pe_262             ZeroWLM               hu55npkldut_tt1p0v25c
  pe_261             ZeroWLM               hu55npkldut_tt1p0v25c
  pe_260             ZeroWLM               hu55npkldut_tt1p0v25c
  pe_259             ZeroWLM               hu55npkldut_tt1p0v25c
  pe_258             ZeroWLM               hu55npkldut_tt1p0v25c
  pe_257             ZeroWLM               hu55npkldut_tt1p0v25c
  pe_256             ZeroWLM               hu55npkldut_tt1p0v25c
  pe_255             ZeroWLM               hu55npkldut_tt1p0v25c
  pe_254             ZeroWLM               hu55npkldut_tt1p0v25c
  pe_253             ZeroWLM               hu55npkldut_tt1p0v25c
  pe_252             ZeroWLM               hu55npkldut_tt1p0v25c
  pe_251             ZeroWLM               hu55npkldut_tt1p0v25c
  pe_250             ZeroWLM               hu55npkldut_tt1p0v25c
  pe_249             ZeroWLM               hu55npkldut_tt1p0v25c
  pe_248             ZeroWLM               hu55npkldut_tt1p0v25c
  pe_247             ZeroWLM               hu55npkldut_tt1p0v25c
  pe_246             ZeroWLM               hu55npkldut_tt1p0v25c
  pe_245             ZeroWLM               hu55npkldut_tt1p0v25c
  pe_244             ZeroWLM               hu55npkldut_tt1p0v25c
  pe_243             ZeroWLM               hu55npkldut_tt1p0v25c
  pe_242             ZeroWLM               hu55npkldut_tt1p0v25c
  pe_241             ZeroWLM               hu55npkldut_tt1p0v25c
  pe_240             ZeroWLM               hu55npkldut_tt1p0v25c
  pe_239             ZeroWLM               hu55npkldut_tt1p0v25c
  pe_238             ZeroWLM               hu55npkldut_tt1p0v25c
  pe_237             ZeroWLM               hu55npkldut_tt1p0v25c
  pe_236             ZeroWLM               hu55npkldut_tt1p0v25c
  pe_235             ZeroWLM               hu55npkldut_tt1p0v25c
  pe_234             ZeroWLM               hu55npkldut_tt1p0v25c
  pe_233             ZeroWLM               hu55npkldut_tt1p0v25c
  pe_232             ZeroWLM               hu55npkldut_tt1p0v25c
  pe_231             ZeroWLM               hu55npkldut_tt1p0v25c
  pe_230             ZeroWLM               hu55npkldut_tt1p0v25c
  pe_229             ZeroWLM               hu55npkldut_tt1p0v25c
  pe_228             ZeroWLM               hu55npkldut_tt1p0v25c
  pe_227             ZeroWLM               hu55npkldut_tt1p0v25c
  pe_226             ZeroWLM               hu55npkldut_tt1p0v25c
  pe_225             ZeroWLM               hu55npkldut_tt1p0v25c
  pe_224             ZeroWLM               hu55npkldut_tt1p0v25c
  pe_223             ZeroWLM               hu55npkldut_tt1p0v25c
  pe_222             ZeroWLM               hu55npkldut_tt1p0v25c
  pe_221             ZeroWLM               hu55npkldut_tt1p0v25c
  pe_220             ZeroWLM               hu55npkldut_tt1p0v25c
  pe_219             ZeroWLM               hu55npkldut_tt1p0v25c
  pe_218             ZeroWLM               hu55npkldut_tt1p0v25c
  pe_217             ZeroWLM               hu55npkldut_tt1p0v25c
  pe_216             ZeroWLM               hu55npkldut_tt1p0v25c
  pe_215             ZeroWLM               hu55npkldut_tt1p0v25c
  pe_214             ZeroWLM               hu55npkldut_tt1p0v25c
  pe_213             ZeroWLM               hu55npkldut_tt1p0v25c
  pe_212             ZeroWLM               hu55npkldut_tt1p0v25c
  pe_211             ZeroWLM               hu55npkldut_tt1p0v25c
  pe_210             ZeroWLM               hu55npkldut_tt1p0v25c
  pe_209             ZeroWLM               hu55npkldut_tt1p0v25c
  pe_208             ZeroWLM               hu55npkldut_tt1p0v25c
  pe_207             ZeroWLM               hu55npkldut_tt1p0v25c
  pe_206             ZeroWLM               hu55npkldut_tt1p0v25c
  pe_205             ZeroWLM               hu55npkldut_tt1p0v25c
  pe_204             ZeroWLM               hu55npkldut_tt1p0v25c
  pe_203             ZeroWLM               hu55npkldut_tt1p0v25c
  pe_202             ZeroWLM               hu55npkldut_tt1p0v25c
  pe_201             ZeroWLM               hu55npkldut_tt1p0v25c
  pe_200             ZeroWLM               hu55npkldut_tt1p0v25c
  pe_199             ZeroWLM               hu55npkldut_tt1p0v25c
  pe_198             ZeroWLM               hu55npkldut_tt1p0v25c
  pe_197             ZeroWLM               hu55npkldut_tt1p0v25c
  pe_196             ZeroWLM               hu55npkldut_tt1p0v25c
  pe_195             ZeroWLM               hu55npkldut_tt1p0v25c
  pe_194             ZeroWLM               hu55npkldut_tt1p0v25c
  pe_193             ZeroWLM               hu55npkldut_tt1p0v25c
  pe_192             ZeroWLM               hu55npkldut_tt1p0v25c
  pe_191             ZeroWLM               hu55npkldut_tt1p0v25c
  pe_190             ZeroWLM               hu55npkldut_tt1p0v25c
  pe_189             ZeroWLM               hu55npkldut_tt1p0v25c
  pe_188             ZeroWLM               hu55npkldut_tt1p0v25c
  pe_187             ZeroWLM               hu55npkldut_tt1p0v25c
  pe_186             ZeroWLM               hu55npkldut_tt1p0v25c
  pe_185             ZeroWLM               hu55npkldut_tt1p0v25c
  pe_184             ZeroWLM               hu55npkldut_tt1p0v25c
  pe_183             ZeroWLM               hu55npkldut_tt1p0v25c
  pe_182             ZeroWLM               hu55npkldut_tt1p0v25c
  pe_181             ZeroWLM               hu55npkldut_tt1p0v25c
  pe_180             ZeroWLM               hu55npkldut_tt1p0v25c
  pe_179             ZeroWLM               hu55npkldut_tt1p0v25c
  pe_178             ZeroWLM               hu55npkldut_tt1p0v25c
  pe_177             ZeroWLM               hu55npkldut_tt1p0v25c
  pe_176             ZeroWLM               hu55npkldut_tt1p0v25c
  pe_175             ZeroWLM               hu55npkldut_tt1p0v25c
  pe_174             ZeroWLM               hu55npkldut_tt1p0v25c
  pe_173             ZeroWLM               hu55npkldut_tt1p0v25c
  pe_172             ZeroWLM               hu55npkldut_tt1p0v25c
  pe_171             ZeroWLM               hu55npkldut_tt1p0v25c
  pe_170             ZeroWLM               hu55npkldut_tt1p0v25c
  pe_169             ZeroWLM               hu55npkldut_tt1p0v25c
  pe_168             ZeroWLM               hu55npkldut_tt1p0v25c
  pe_167             ZeroWLM               hu55npkldut_tt1p0v25c
  pe_166             ZeroWLM               hu55npkldut_tt1p0v25c
  pe_165             ZeroWLM               hu55npkldut_tt1p0v25c
  pe_164             ZeroWLM               hu55npkldut_tt1p0v25c
  pe_163             ZeroWLM               hu55npkldut_tt1p0v25c
  pe_162             ZeroWLM               hu55npkldut_tt1p0v25c
  pe_161             ZeroWLM               hu55npkldut_tt1p0v25c
  pe_160             ZeroWLM               hu55npkldut_tt1p0v25c
  pe_159             ZeroWLM               hu55npkldut_tt1p0v25c
  pe_158             ZeroWLM               hu55npkldut_tt1p0v25c
  pe_157             ZeroWLM               hu55npkldut_tt1p0v25c
  pe_156             ZeroWLM               hu55npkldut_tt1p0v25c
  pe_155             ZeroWLM               hu55npkldut_tt1p0v25c
  pe_154             ZeroWLM               hu55npkldut_tt1p0v25c
  pe_153             ZeroWLM               hu55npkldut_tt1p0v25c
  pe_152             ZeroWLM               hu55npkldut_tt1p0v25c
  pe_151             ZeroWLM               hu55npkldut_tt1p0v25c
  pe_150             ZeroWLM               hu55npkldut_tt1p0v25c
  pe_149             ZeroWLM               hu55npkldut_tt1p0v25c
  pe_148             ZeroWLM               hu55npkldut_tt1p0v25c
  pe_147             ZeroWLM               hu55npkldut_tt1p0v25c
  pe_146             ZeroWLM               hu55npkldut_tt1p0v25c
  pe_145             ZeroWLM               hu55npkldut_tt1p0v25c
  pe_144             ZeroWLM               hu55npkldut_tt1p0v25c
  pe_143             ZeroWLM               hu55npkldut_tt1p0v25c
  pe_142             ZeroWLM               hu55npkldut_tt1p0v25c
  pe_141             ZeroWLM               hu55npkldut_tt1p0v25c
  pe_140             ZeroWLM               hu55npkldut_tt1p0v25c
  pe_139             ZeroWLM               hu55npkldut_tt1p0v25c
  pe_138             ZeroWLM               hu55npkldut_tt1p0v25c
  pe_137             ZeroWLM               hu55npkldut_tt1p0v25c
  pe_136             ZeroWLM               hu55npkldut_tt1p0v25c
  pe_135             ZeroWLM               hu55npkldut_tt1p0v25c
  pe_134             ZeroWLM               hu55npkldut_tt1p0v25c
  pe_133             ZeroWLM               hu55npkldut_tt1p0v25c
  pe_132             ZeroWLM               hu55npkldut_tt1p0v25c
  pe_131             ZeroWLM               hu55npkldut_tt1p0v25c
  pe_130             ZeroWLM               hu55npkldut_tt1p0v25c
  pe_129             ZeroWLM               hu55npkldut_tt1p0v25c
  pe_128             ZeroWLM               hu55npkldut_tt1p0v25c
  pe_127             ZeroWLM               hu55npkldut_tt1p0v25c
  pe_126             ZeroWLM               hu55npkldut_tt1p0v25c
  pe_125             ZeroWLM               hu55npkldut_tt1p0v25c
  pe_124             ZeroWLM               hu55npkldut_tt1p0v25c
  pe_123             ZeroWLM               hu55npkldut_tt1p0v25c
  pe_122             ZeroWLM               hu55npkldut_tt1p0v25c
  pe_121             ZeroWLM               hu55npkldut_tt1p0v25c
  pe_120             ZeroWLM               hu55npkldut_tt1p0v25c
  pe_119             ZeroWLM               hu55npkldut_tt1p0v25c
  pe_118             ZeroWLM               hu55npkldut_tt1p0v25c
  pe_117             ZeroWLM               hu55npkldut_tt1p0v25c
  pe_116             ZeroWLM               hu55npkldut_tt1p0v25c
  pe_115             ZeroWLM               hu55npkldut_tt1p0v25c
  pe_114             ZeroWLM               hu55npkldut_tt1p0v25c
  pe_113             ZeroWLM               hu55npkldut_tt1p0v25c
  pe_112             ZeroWLM               hu55npkldut_tt1p0v25c
  pe_111             ZeroWLM               hu55npkldut_tt1p0v25c
  pe_110             ZeroWLM               hu55npkldut_tt1p0v25c
  pe_109             ZeroWLM               hu55npkldut_tt1p0v25c
  pe_108             ZeroWLM               hu55npkldut_tt1p0v25c
  pe_107             ZeroWLM               hu55npkldut_tt1p0v25c
  pe_106             ZeroWLM               hu55npkldut_tt1p0v25c
  pe_105             ZeroWLM               hu55npkldut_tt1p0v25c
  pe_104             ZeroWLM               hu55npkldut_tt1p0v25c
  pe_103             ZeroWLM               hu55npkldut_tt1p0v25c
  pe_102             ZeroWLM               hu55npkldut_tt1p0v25c
  pe_101             ZeroWLM               hu55npkldut_tt1p0v25c
  pe_100             ZeroWLM               hu55npkldut_tt1p0v25c
  pe_99              ZeroWLM               hu55npkldut_tt1p0v25c
  pe_98              ZeroWLM               hu55npkldut_tt1p0v25c
  pe_97              ZeroWLM               hu55npkldut_tt1p0v25c
  pe_96              ZeroWLM               hu55npkldut_tt1p0v25c
  pe_95              ZeroWLM               hu55npkldut_tt1p0v25c
  pe_94              ZeroWLM               hu55npkldut_tt1p0v25c
  pe_93              ZeroWLM               hu55npkldut_tt1p0v25c
  pe_92              ZeroWLM               hu55npkldut_tt1p0v25c
  pe_91              ZeroWLM               hu55npkldut_tt1p0v25c
  pe_90              ZeroWLM               hu55npkldut_tt1p0v25c
  pe_89              ZeroWLM               hu55npkldut_tt1p0v25c
  pe_88              ZeroWLM               hu55npkldut_tt1p0v25c
  pe_87              ZeroWLM               hu55npkldut_tt1p0v25c
  pe_86              ZeroWLM               hu55npkldut_tt1p0v25c
  pe_85              ZeroWLM               hu55npkldut_tt1p0v25c
  pe_84              ZeroWLM               hu55npkldut_tt1p0v25c
  pe_83              ZeroWLM               hu55npkldut_tt1p0v25c
  pe_82              ZeroWLM               hu55npkldut_tt1p0v25c
  pe_81              ZeroWLM               hu55npkldut_tt1p0v25c
  pe_80              ZeroWLM               hu55npkldut_tt1p0v25c
  pe_79              ZeroWLM               hu55npkldut_tt1p0v25c
  pe_78              ZeroWLM               hu55npkldut_tt1p0v25c
  pe_77              ZeroWLM               hu55npkldut_tt1p0v25c
  pe_76              ZeroWLM               hu55npkldut_tt1p0v25c
  pe_75              ZeroWLM               hu55npkldut_tt1p0v25c
  pe_74              ZeroWLM               hu55npkldut_tt1p0v25c
  pe_73              ZeroWLM               hu55npkldut_tt1p0v25c
  pe_72              ZeroWLM               hu55npkldut_tt1p0v25c
  pe_71              ZeroWLM               hu55npkldut_tt1p0v25c
  pe_70              ZeroWLM               hu55npkldut_tt1p0v25c
  pe_69              ZeroWLM               hu55npkldut_tt1p0v25c
  pe_68              ZeroWLM               hu55npkldut_tt1p0v25c
  pe_67              ZeroWLM               hu55npkldut_tt1p0v25c
  pe_66              ZeroWLM               hu55npkldut_tt1p0v25c
  pe_65              ZeroWLM               hu55npkldut_tt1p0v25c
  pe_64              ZeroWLM               hu55npkldut_tt1p0v25c
  pe_63              ZeroWLM               hu55npkldut_tt1p0v25c
  pe_62              ZeroWLM               hu55npkldut_tt1p0v25c
  pe_61              ZeroWLM               hu55npkldut_tt1p0v25c
  pe_60              ZeroWLM               hu55npkldut_tt1p0v25c
  pe_59              ZeroWLM               hu55npkldut_tt1p0v25c
  pe_58              ZeroWLM               hu55npkldut_tt1p0v25c
  pe_57              ZeroWLM               hu55npkldut_tt1p0v25c
  pe_56              ZeroWLM               hu55npkldut_tt1p0v25c
  pe_55              ZeroWLM               hu55npkldut_tt1p0v25c
  pe_54              ZeroWLM               hu55npkldut_tt1p0v25c
  pe_53              ZeroWLM               hu55npkldut_tt1p0v25c
  pe_52              ZeroWLM               hu55npkldut_tt1p0v25c
  pe_51              ZeroWLM               hu55npkldut_tt1p0v25c
  pe_50              ZeroWLM               hu55npkldut_tt1p0v25c
  pe_49              ZeroWLM               hu55npkldut_tt1p0v25c
  pe_48              ZeroWLM               hu55npkldut_tt1p0v25c
  pe_47              ZeroWLM               hu55npkldut_tt1p0v25c
  pe_46              ZeroWLM               hu55npkldut_tt1p0v25c
  pe_45              ZeroWLM               hu55npkldut_tt1p0v25c
  pe_44              ZeroWLM               hu55npkldut_tt1p0v25c
  pe_43              ZeroWLM               hu55npkldut_tt1p0v25c
  pe_42              ZeroWLM               hu55npkldut_tt1p0v25c
  pe_41              ZeroWLM               hu55npkldut_tt1p0v25c
  pe_40              ZeroWLM               hu55npkldut_tt1p0v25c
  pe_39              ZeroWLM               hu55npkldut_tt1p0v25c
  pe_38              ZeroWLM               hu55npkldut_tt1p0v25c
  pe_37              ZeroWLM               hu55npkldut_tt1p0v25c
  pe_36              ZeroWLM               hu55npkldut_tt1p0v25c
  pe_35              ZeroWLM               hu55npkldut_tt1p0v25c
  pe_34              ZeroWLM               hu55npkldut_tt1p0v25c
  pe_33              ZeroWLM               hu55npkldut_tt1p0v25c
  pe_32              ZeroWLM               hu55npkldut_tt1p0v25c
  pe_31              ZeroWLM               hu55npkldut_tt1p0v25c
  pe_30              ZeroWLM               hu55npkldut_tt1p0v25c
  pe_29              ZeroWLM               hu55npkldut_tt1p0v25c
  pe_28              ZeroWLM               hu55npkldut_tt1p0v25c
  pe_27              ZeroWLM               hu55npkldut_tt1p0v25c
  pe_26              ZeroWLM               hu55npkldut_tt1p0v25c
  pe_25              ZeroWLM               hu55npkldut_tt1p0v25c
  pe_24              ZeroWLM               hu55npkldut_tt1p0v25c
  pe_23              ZeroWLM               hu55npkldut_tt1p0v25c
  pe_22              ZeroWLM               hu55npkldut_tt1p0v25c
  pe_21              ZeroWLM               hu55npkldut_tt1p0v25c
  pe_20              ZeroWLM               hu55npkldut_tt1p0v25c
  pe_19              ZeroWLM               hu55npkldut_tt1p0v25c
  pe_18              ZeroWLM               hu55npkldut_tt1p0v25c
  pe_17              ZeroWLM               hu55npkldut_tt1p0v25c
  pe_16              ZeroWLM               hu55npkldut_tt1p0v25c
  pe_15              ZeroWLM               hu55npkldut_tt1p0v25c
  pe_14              ZeroWLM               hu55npkldut_tt1p0v25c
  pe_13              ZeroWLM               hu55npkldut_tt1p0v25c
  pe_12              ZeroWLM               hu55npkldut_tt1p0v25c
  pe_11              ZeroWLM               hu55npkldut_tt1p0v25c
  pe_10              ZeroWLM               hu55npkldut_tt1p0v25c
  pe_9               ZeroWLM               hu55npkldut_tt1p0v25c
  pe_8               ZeroWLM               hu55npkldut_tt1p0v25c
  pe_7               ZeroWLM               hu55npkldut_tt1p0v25c
  pe_6               ZeroWLM               hu55npkldut_tt1p0v25c
  pe_5               ZeroWLM               hu55npkldut_tt1p0v25c
  pe_4               ZeroWLM               hu55npkldut_tt1p0v25c
  pe_3               ZeroWLM               hu55npkldut_tt1p0v25c
  pe_2               ZeroWLM               hu55npkldut_tt1p0v25c
  pe_1               ZeroWLM               hu55npkldut_tt1p0v25c
  pe_0               ZeroWLM               hu55npkldut_tt1p0v25c
  sad_13             ZeroWLM               hu55npkldut_tt1p0v25c
  sad_12             ZeroWLM               hu55npkldut_tt1p0v25c
  sad_11             ZeroWLM               hu55npkldut_tt1p0v25c
  sad_10             ZeroWLM               hu55npkldut_tt1p0v25c
  sad_9              ZeroWLM               hu55npkldut_tt1p0v25c
  sad_8              ZeroWLM               hu55npkldut_tt1p0v25c
  sad_7              ZeroWLM               hu55npkldut_tt1p0v25c
  sad_6              ZeroWLM               hu55npkldut_tt1p0v25c
  sad_5              ZeroWLM               hu55npkldut_tt1p0v25c
  sad_4              ZeroWLM               hu55npkldut_tt1p0v25c
  sad_3              ZeroWLM               hu55npkldut_tt1p0v25c
  sad_2              ZeroWLM               hu55npkldut_tt1p0v25c
  sad_1              ZeroWLM               hu55npkldut_tt1p0v25c
  sad_0              ZeroWLM               hu55npkldut_tt1p0v25c
  pe_1023            ZeroWLM               hu55npkldut_tt1p0v25c
  sad_14             ZeroWLM               hu55npkldut_tt1p0v25c
  sad_15             ZeroWLM               hu55npkldut_tt1p0v25c
  result             ZeroWLM               hu55npkldut_tt1p0v25c
  core               ZeroWLM               hu55npkldut_tt1p0v25c
  pre_frame_buffer   ZeroWLM               hu55npkldut_tt1p0v25c
  cur                ZeroWLM               hu55npkldut_tt1p0v25c
  me266_chip         ZeroWLM               hu55npkldut_tt1p0v25c
  me266              ZeroWLM               hu55npkldut_tt1p0v25c
  compare_tree       ZeroWLM               hu55npkldut_tt1p0v25c

  Point                                                   Incr       Path
  --------------------------------------------------------------------------
  clock clk (rise edge)                                   0.00       0.00
  clock network delay (ideal)                             6.00       6.00
  ME266/CORE/sad_8/sad_data_reg_1_/CK (SVL_FDPRBQ_F_1)
                                                          0.00 #     6.00 r
  ME266/CORE/sad_8/sad_data_reg_1_/Q (SVL_FDPRBQ_F_1)     0.13       6.13 r
  ME266/CORE/sad_8/sad_data[1] (sad_7)                    0.00       6.13 r
  ME266/CORE/ct/sad_data_8[1] (compare_tree)              0.00       6.13 r
  ME266/CORE/ct/U148/X (SVL_INV_1)                        0.02       6.16 f
  ME266/CORE/ct/U1027/X (SVL_AO211_1)                     0.13       6.28 f
  ME266/CORE/ct/U533/X (SVL_ND3_1)                        0.04       6.32 r
  ME266/CORE/ct/U534/X (SVL_ND2_1)                        0.03       6.35 f
  ME266/CORE/ct/U624/X (SVL_ND3_1)                        0.03       6.39 r
  ME266/CORE/ct/U343/X (SVL_NR2B_4)                       0.06       6.45 r
  ME266/CORE/ct/U395/X (SVL_AOI221_4)                     0.02       6.47 f
  ME266/CORE/ct/U35/X (SVL_AOI221_4)                      0.09       6.56 r
  ME266/CORE/ct/U34/X (SVL_AOI221_4)                      0.02       6.59 f
  ME266/CORE/ct/U224/X (SVL_AO221_1)                      0.15       6.73 f
  ME266/CORE/ct/U348/X (SVL_OAI221_2)                     0.04       6.77 r
  ME266/CORE/ct/U433/X (SVL_OR3B_3)                       0.04       6.82 f
  ME266/CORE/ct/U496/X (SVL_AOI32_4)                      0.08       6.89 r
  ME266/CORE/ct/U495/X (SVL_OAI22_4)                      0.05       6.94 f
  ME266/CORE/ct/U396/X (SVL_INV_S_6)                      0.05       6.99 r
  ME266/CORE/ct/U438/X (SVL_MUX2_S_2)                     0.09       7.08 f
  ME266/CORE/ct/U70/X (SVL_AOI211_2)                      0.08       7.16 r
  ME266/CORE/ct/U548/X (SVL_INV_2)                        0.02       7.18 f
  ME266/CORE/ct/U19/X (SVL_ND3_2)                         0.03       7.21 r
  ME266/CORE/ct/U18/X (SVL_OAI221_2)                      0.04       7.25 f
  ME266/CORE/ct/U386/X (SVL_ND2_1)                        0.04       7.28 r
  ME266/CORE/ct/U107/X (SVL_AN3_1)                        0.08       7.36 r
  ME266/CORE/ct/U240/X (SVL_AN3B_1)                       0.03       7.39 f
  ME266/CORE/ct/U543/X (SVL_AOI221_4)                     0.07       7.46 r
  ME266/CORE/ct/U554/X (SVL_AOI221_2)                     0.03       7.49 f
  ME266/CORE/ct/U29/X (SVL_NR2_2)                         0.04       7.53 r
  ME266/CORE/ct/U518/X (SVL_AN3B_1)                       0.02       7.55 f
  ME266/CORE/ct/U273/X (SVL_AO221_1)                      0.15       7.70 f
  ME266/CORE/ct/U576/X (SVL_AOI32_4)                      0.08       7.79 r
  ME266/CORE/ct/U503/X (SVL_OAI22_4)                      0.05       7.84 f
  ME266/CORE/ct/U505/X (SVL_INV_S_12)                     0.05       7.90 r
  ME266/CORE/ct/U504/X (SVL_MUXI2_2)                      0.10       7.99 r
  ME266/CORE/ct/U394/X (SVL_NR2_1)                        0.04       8.03 f
  ME266/CORE/ct/U561/X (SVL_NR3_2)                        0.07       8.10 r
  ME266/CORE/ct/U385/X (SVL_INV_1)                        0.03       8.12 f
  ME266/CORE/ct/U347/X (SVL_ND3_2)                        0.02       8.15 r
  ME266/CORE/ct/U346/X (SVL_AN3_1)                        0.09       8.23 r
  ME266/CORE/ct/U378/X (SVL_AOI221_2)                     0.02       8.26 f
  ME266/CORE/ct/U283/X (SVL_AN3B_3)                       0.07       8.33 r
  ME266/CORE/ct/U55/X (SVL_AOI221_4)                      0.02       8.35 f
  ME266/CORE/ct/U413/X (SVL_AOI221_4)                     0.09       8.44 r
  ME266/CORE/ct/U411/X (SVL_INV_2)                        0.02       8.46 f
  ME266/CORE/ct/U363/X (SVL_ND3_2)                        0.02       8.48 r
  ME266/CORE/ct/U341/X (SVL_AN3_1)                        0.08       8.56 r
  ME266/CORE/ct/U108/X (SVL_AOI221_1)                     0.02       8.58 f
  ME266/CORE/ct/U633/X (SVL_OA32_2)                       0.18       8.76 f
  ME266/CORE/ct/U974/X (SVL_AO2BB2_4)                     0.07       8.83 r
  ME266/CORE/ct/U11/X (SVL_INV_4)                         0.03       8.86 f
  ME266/CORE/ct/U297/X (SVL_INV_1)                        0.03       8.89 r
  ME266/CORE/ct/U243/X (SVL_ND2_1)                        0.03       8.92 f
  ME266/CORE/ct/U242/X (SVL_ND2_1)                        0.04       8.95 r
  ME266/CORE/ct/U266/X (SVL_INV_1)                        0.02       8.98 f
  ME266/CORE/ct/U154/X (SVL_ND2_1)                        0.03       9.01 r
  ME266/CORE/ct/U66/X (SVL_ND2_1)                         0.03       9.04 f
  ME266/CORE/ct/U7/X (SVL_AOI31_2)                        0.06       9.09 r
  ME266/CORE/ct/U481/X (SVL_AN3B_2)                       0.03       9.12 f
  ME266/CORE/ct/U51/X (SVL_OAI222_4)                      0.07       9.19 r
  ME266/CORE/ct/U50/X (SVL_OAI221_4)                      0.06       9.25 f
  ME266/CORE/ct/U13/X (SVL_AOI31_4)                       0.05       9.31 r
  ME266/CORE/ct/U527/X (SVL_AN3B_2)                       0.03       9.33 f
  ME266/CORE/ct/U586/X (SVL_OAI221_4)                     0.06       9.39 r
  ME266/CORE/ct/U32/X (SVL_AO21B_3)                       0.04       9.42 f
  ME266/CORE/ct/U31/X (SVL_OAOI211_3)                     0.06       9.48 r
  ME266/CORE/ct/U14/X (SVL_BUF_12)                        0.07       9.55 r
  ME266/CORE/ct/U276/X (SVL_MUX2_1)                       0.08       9.64 f
  ME266/CORE/ct/sad_cmp[2] (compare_tree)                 0.00       9.64 f
  ME266/CORE/U13/X (SVL_INV_1)                            0.04       9.68 r
  ME266/CORE/U38/X (SVL_NR2_2)                            0.02       9.70 f
  ME266/CORE/U40/X (SVL_NR3_2)                            0.06       9.76 r
  ME266/CORE/U30/X (SVL_AO221_2)                          0.06       9.83 r
  ME266/CORE/U28/X (SVL_INV_2)                            0.02       9.84 f
  ME266/CORE/U8/X (SVL_NR3_2)                             0.09       9.94 r
  ME266/CORE/U42/X (SVL_AOI221_4)                         0.03       9.96 f
  ME266/CORE/U41/X (SVL_AOI221_2)                         0.11      10.07 r
  ME266/CORE/U10/X (SVL_AOI221_4)                         0.03      10.10 f
  ME266/CORE/U43/X (SVL_AOI221_2)                         0.08      10.18 r
  ME266/CORE/U25/X (SVL_AO221_2)                          0.08      10.26 r
  ME266/CORE/U32/X (SVL_OR3B_2)                           0.03      10.29 f
  ME266/CORE/U31/X (SVL_OR3B_3)                           0.03      10.33 r
  ME266/CORE/U35/X (SVL_AOI32_4)                          0.04      10.37 f
  ME266/CORE/U33/X (SVL_AO2BB2_4)                         0.06      10.43 r
  ME266/CORE/U36/X (SVL_INV_2)                            0.03      10.46 f
  ME266/CORE/U44/X (SVL_OA2BB2_4)                         0.05      10.51 r
  ME266/CORE/U7/X (SVL_INV_4)                             0.03      10.54 f
  ME266/CORE/U103/X (SVL_AO221_1)                         0.17      10.71 f
  ME266/CORE/sad_min_reg_5_/D (SVL_FDPSBQ_1)              0.00      10.71 f
  data arrival time                                                 10.71

  clock clk (rise edge)                                   5.00       5.00
  clock network delay (ideal)                             6.00      11.00
  clock uncertainty                                      -0.25      10.75
  ME266/CORE/sad_min_reg_5_/CK (SVL_FDPSBQ_1)             0.00      10.75 r
  library setup time                                     -0.04      10.71
  data required time                                                10.71
  --------------------------------------------------------------------------
  data required time                                                10.71
  data arrival time                                                -10.71
  --------------------------------------------------------------------------
  slack (MET)                                                        0.00


1
